Component: ARM Compiler 5.06 update 7 (build 960) Tool: armlink [4d3601]

==============================================================================

Section Cross References

    main.o(i.main) refers to app_main.o(i.app_main_loop) for app_main_loop
    app_main.o(i.SysTick_Handler) refers to app_main.o(.data) for .data
    app_main.o(i.TIMER5_DAC_IRQHandler) refers to gd32f4xx_timer.o(i.timer_interrupt_flag_get) for timer_interrupt_flag_get
    app_main.o(i.TIMER5_DAC_IRQHandler) refers to gd32f4xx_timer.o(i.timer_interrupt_flag_clear) for timer_interrupt_flag_clear
    app_main.o(i.TIMER5_DAC_IRQHandler) refers to app_main.o(.data) for .data
    app_main.o(i.TIMER6_IRQHandler) refers to gd32f4xx_timer.o(i.timer_interrupt_flag_get) for timer_interrupt_flag_get
    app_main.o(i.TIMER6_IRQHandler) refers to gd32f4xx_timer.o(i.timer_interrupt_flag_clear) for timer_interrupt_flag_clear
    app_main.o(i.TIMER6_IRQHandler) refers to led_driver.o(i.led_toggle) for led_toggle
    app_main.o(i.TIMER6_IRQHandler) refers to led_driver.o(i.led_set_state) for led_set_state
    app_main.o(i.TIMER6_IRQHandler) refers to app_main.o(.data) for .data
    app_main.o(i.app_change_sampling_interval) refers to config_manager.o(i.cfgmgr_get_current) for cfgmgr_get_current
    app_main.o(i.app_change_sampling_interval) refers to config_manager.o(i.cfgmgr_apply) for cfgmgr_apply
    app_main.o(i.app_change_sampling_interval) refers to printfa.o(i.__0printf) for __2printf
    app_main.o(i.app_change_sampling_interval) refers to timer_driver.o(i.sample_timer_adjust_period) for sample_timer_adjust_period
    app_main.o(i.app_change_sampling_interval) refers to app_main.o(.data) for .data
    app_main.o(i.app_main_loop) refers to app_main.o(i.hardware_bringup) for hardware_bringup
    app_main.o(i.app_main_loop) refers to app_main.o(i.show_banner) for show_banner
    app_main.o(i.app_main_loop) refers to oled_driver.o(i.oled_clear_screen) for oled_clear_screen
    app_main.o(i.app_main_loop) refers to oled_driver.o(i.oled_show_text) for oled_show_text
    app_main.o(i.app_main_loop) refers to oled_driver.o(i.oled_refresh) for oled_refresh
    app_main.o(i.app_main_loop) refers to app_main.o(i.process_event_queue) for process_event_queue
    app_main.o(i.app_main_loop) refers to app_main.o(i.execute_one_sample) for execute_one_sample
    app_main.o(i.app_main_loop) refers to app_main.o(i.service_uart_rx) for service_uart_rx
    app_main.o(i.app_main_loop) refers to command.o(i.cmd_is_waiting_for_input) for cmd_is_waiting_for_input
    app_main.o(i.app_main_loop) refers to key_driver.o(i.key_scan_any) for key_scan_any
    app_main.o(i.app_main_loop) refers to app_main.o(i.dispatch_key_event) for dispatch_key_event
    app_main.o(i.app_main_loop) refers to app_main.o(i.refresh_display) for refresh_display
    app_main.o(i.app_main_loop) refers to app_main.o(.data) for .data
    app_main.o(i.app_request_start_sampling) refers to config_manager.o(i.cfgmgr_get_current) for cfgmgr_get_current
    app_main.o(i.app_request_start_sampling) refers to timer_driver.o(i.sample_timer_setup) for sample_timer_setup
    app_main.o(i.app_request_start_sampling) refers to timer_driver.o(i.sample_timer_start) for sample_timer_start
    app_main.o(i.app_request_start_sampling) refers to printfa.o(i.__0printf) for __2printf
    app_main.o(i.app_request_start_sampling) refers to oled_driver.o(i.oled_clear_screen) for oled_clear_screen
    app_main.o(i.app_request_start_sampling) refers to oled_driver.o(i.oled_refresh) for oled_refresh
    app_main.o(i.app_request_start_sampling) refers to app_main.o(.data) for .data
    app_main.o(i.app_request_stop_sampling) refers to timer_driver.o(i.sample_timer_stop) for sample_timer_stop
    app_main.o(i.app_request_stop_sampling) refers to printfa.o(i.__0printf) for __2printf
    app_main.o(i.app_request_stop_sampling) refers to data_logger.o(i.datastore_flush) for datastore_flush
    app_main.o(i.app_request_stop_sampling) refers to oled_driver.o(i.oled_clear_screen) for oled_clear_screen
    app_main.o(i.app_request_stop_sampling) refers to oled_driver.o(i.oled_show_text) for oled_show_text
    app_main.o(i.app_request_stop_sampling) refers to oled_driver.o(i.oled_refresh) for oled_refresh
    app_main.o(i.app_request_stop_sampling) refers to led_driver.o(i.led_set_state) for led_set_state
    app_main.o(i.app_request_stop_sampling) refers to app_main.o(.data) for .data
    app_main.o(i.app_set_stealth_mode) refers to config_manager.o(i.cfgmgr_get_current) for cfgmgr_get_current
    app_main.o(i.app_set_stealth_mode) refers to config_manager.o(i.cfgmgr_apply) for cfgmgr_apply
    app_main.o(i.app_set_stealth_mode) refers to data_logger.o(i.datastore_flush) for datastore_flush
    app_main.o(i.app_set_stealth_mode) refers to app_main.o(.data) for .data
    app_main.o(i.app_systick_config) refers to app_main.o(i.NVIC_SetPriority) for NVIC_SetPriority
[...]
    DMA1_Channel4_IRQHandler                 0x080001df   Thumb Code     0  startup_gd32f450_470.o(.text)
    DMA1_Channel5_IRQHandler                 0x080001df   Thumb Code     0  startup_gd32f450_470.o(.text)
    DMA1_Channel6_IRQHandler                 0x080001df   Thumb Code     0  startup_gd32f450_470.o(.text)
    DMA1_Channel7_IRQHandler                 0x080001df   Thumb Code     0  startup_gd32f450_470.o(.text)
    ENET_IRQHandler                          0x080001df   Thumb Code     0  startup_gd32f450_470.o(.text)
    ENET_WKUP_IRQHandler                     0x080001df   Thumb Code     0  startup_gd32f450_470.o(.text)
    EXMC_IRQHandler                          0x080001df   Thumb Code     0  startup_gd32f450_470.o(.text)
    EXTI0_IRQHandler                         0x080001df   Thumb Code     0  startup_gd32f450_470.o(.text)
    EXTI10_15_IRQHandler                     0x080001df   Thumb Code     0  startup_gd32f450_470.o(.text)
    EXTI1_IRQHandler                         0x080001df   Thumb Code     0  startup_gd32f450_470.o(.text)
    EXTI2_IRQHandler                         0x080001df   Thumb Code     0  startup_gd32f450_470.o(.text)
    EXTI3_IRQHandler                         0x080001df   Thumb Code     0  startup_gd32f450_470.o(.text)
    EXTI4_IRQHandler                         0x080001df   Thumb Code     0  startup_gd32f450_470.o(.text)
    EXTI5_9_IRQHandler                       0x080001df   Thumb Code     0  startup_gd32f450_470.o(.text)
    FMC_IRQHandler                           0x080001df   Thumb Code     0  startup_gd32f450_470.o(.text)
    FPU_IRQHandler                           0x080001df   Thumb Code     0  startup_gd32f450_470.o(.text)
    I2C0_ER_IRQHandler                       0x080001df   Thumb Code     0  startup_gd32f450_470.o(.text)
    I2C0_EV_IRQHandler                       0x080001df   Thumb Code     0  startup_gd32f450_470.o(.text)
    I2C1_ER_IRQHandler                       0x080001df   Thumb Code     0  startup_gd32f450_470.o(.text)
    I2C1_EV_IRQHandler                       0x080001df   Thumb Code     0  startup_gd32f450_470.o(.text)
    I2C2_ER_IRQHandler                       0x080001df   Thumb Code     0  startup_gd32f450_470.o(.text)
    I2C2_EV_IRQHandler                       0x080001df   Thumb Code     0  startup_gd32f450_470.o(.text)
    IPA_IRQHandler                           0x080001df   Thumb Code     0  startup_gd32f450_470.o(.text)
    LVD_IRQHandler                           0x080001df   Thumb Code     0  startup_gd32f450_470.o(.text)
    RCU_CTC_IRQHandler                       0x080001df   Thumb Code     0  startup_gd32f450_470.o(.text)
    RTC_Alarm_IRQHandler                     0x080001df   Thumb Code     0  startup_gd32f450_470.o(.text)
    RTC_WKUP_IRQHandler                      0x080001df   Thumb Code     0  startup_gd32f450_470.o(.text)
    SDIO_IRQHandler                          0x080001df   Thumb Code     0  startup_gd32f450_470.o(.text)
    SPI0_IRQHandler                          0x080001df   Thumb Code     0  startup_gd32f450_470.o(.text)
    SPI1_IRQHandler                          0x080001df   Thumb Code     0  startup_gd32f450_470.o(.text)
    SPI2_IRQHandler                          0x080001df   Thumb Code     0  startup_gd32f450_470.o(.text)
    SPI3_IRQHandler                          0x080001df   Thumb Code     0  startup_gd32f450_470.o(.text)
    SPI4_IRQHandler                          0x080001df   Thumb Code     0  startup_gd32f450_470.o(.text)
    SPI5_IRQHandler                          0x080001df   Thumb Code     0  startup_gd32f450_470.o(.text)
    TAMPER_STAMP_IRQHandler                  0x080001df   Thumb Code     0  startup_gd32f450_470.o(.text)
    TIMER0_BRK_TIMER8_IRQHandler             0x080001df   Thumb Code     0  startup_gd32f450_470.o(.text)
    TIMER0_Channel_IRQHandler                0x080001df   Thumb Code     0  startup_gd32f450_470.o(.text)
    TIMER0_TRG_CMT_TIMER10_IRQHandler        0x080001df   Thumb Code     0  startup_gd32f450_470.o(.text)
    TIMER0_UP_TIMER9_IRQHandler              0x080001df   Thumb Code     0  startup_gd32f450_470.o(.text)
    TIMER1_IRQHandler                        0x080001df   Thumb Code     0  startup_gd32f450_470.o(.text)
    TIMER2_IRQHandler                        0x080001df   Thumb Code     0  startup_gd32f450_470.o(.text)
    TIMER3_IRQHandler                        0x080001df   Thumb Code     0  startup_gd32f450_470.o(.text)
    TIMER4_IRQHandler                        0x080001df   Thumb Code     0  startup_gd32f450_470.o(.text)
    TIMER7_BRK_TIMER11_IRQHandler            0x080001df   Thumb Code     0  startup_gd32f450_470.o(.text)
    TIMER7_Channel_IRQHandler                0x080001df   Thumb Code     0  startup_gd32f450_470.o(.text)
    TIMER7_TRG_CMT_TIMER13_IRQHandler        0x080001df   Thumb Code     0  startup_gd32f450_470.o(.text)
    TIMER7_UP_TIMER12_IRQHandler             0x080001df   Thumb Code     0  startup_gd32f450_470.o(.text)
    TLI_ER_IRQHandler                        0x080001df   Thumb Code     0  startup_gd32f450_470.o(.text)
    TLI_IRQHandler                           0x080001df   Thumb Code     0  startup_gd32f450_470.o(.text)
    TRNG_IRQHandler                          0x080001df   Thumb Code     0  startup_gd32f450_470.o(.text)
    UART3_IRQHandler                         0x080001df   Thumb Code     0  startup_gd32f450_470.o(.text)
    UART4_IRQHandler                         0x080001df   Thumb Code     0  startup_gd32f450_470.o(.text)
    UART6_IRQHandler                         0x080001df   Thumb Code     0  startup_gd32f450_470.o(.text)
    UART7_IRQHandler                         0x080001df   Thumb Code     0  startup_gd32f450_470.o(.text)
    USART1_IRQHandler                        0x080001df   Thumb Code     0  startup_gd32f450_470.o(.text)
    USART2_IRQHandler                        0x080001df   Thumb Code     0  startup_gd32f450_470.o(.text)
    USART5_IRQHandler                        0x080001df   Thumb Code     0  startup_gd32f450_470.o(.text)
    USBFS_IRQHandler                         0x080001df   Thumb Code     0  startup_gd32f450_470.o(.text)
    USBFS_WKUP_IRQHandler                    0x080001df   Thumb Code     0  startup_gd32f450_470.o(.text)
    USBHS_EP1_In_IRQHandler                  0x080001df   Thumb Code     0  startup_gd32f450_470.o(.text)
    USBHS_EP1_Out_IRQHandler                 0x080001df   Thumb Code     0  startup_gd32f450_470.o(.text)
    USBHS_IRQHandler                         0x080001df   Thumb Code     0  startup_gd32f450_470.o(.text)
    USBHS_WKUP_IRQHandler                    0x080001df   Thumb Code     0  startup_gd32f450_470.o(.text)
    WWDGT_IRQHandler                         0x080001df   Thumb Code     0  startup_gd32f450_470.o(.text)
    tolower                                  0x080001e9   Thumb Code    12  tolower.o(.text)
    mktime                                   0x080001f5   Thumb Code   150  mktime.o(.text)
    __aeabi_memset                           0x0800029d   Thumb Code    14  memseta.o(.text)
    __aeabi_memset4                          0x0800029d   Thumb Code     0  memseta.o(.text)
    __aeabi_memset8                          0x0800029d   Thumb Code     0  memseta.o(.text)
    __aeabi_memclr                           0x080002ab   Thumb Code     4  memseta.o(.text)
    __aeabi_memclr4                          0x080002ab   Thumb Code     0  memseta.o(.text)
    __aeabi_memclr8                          0x080002ab   Thumb Code     0  memseta.o(.text)
    _memset$wrapper                          0x080002af   Thumb Code    18  memseta.o(.text)
    strncpy                                  0x080002c1   Thumb Code    24  strncpy.o(.text)
    strchr                                   0x080002d9   Thumb Code    20  strchr.o(.text)
    strlen                                   0x080002ed   Thumb Code    14  strlen.o(.text)
    strcmp                                   0x080002fb   Thumb Code    28  strcmp.o(.text)
    strtok                                   0x08000319   Thumb Code    62  strtok.o(.text)
    strcspn                                  0x0800035d   Thumb Code    34  strcspn.o(.text)
    __0sscanf                                0x08000381   Thumb Code    48  __0sscanf.o(.text)
    _scanf_int                               0x080003b9   Thumb Code   332  _scanf_int.o(.text)
    _scanf_real                              0x0800062d   Thumb Code     0  scanf_fp.o(.text)
    _scanf_really_real                       0x0800062d   Thumb Code   556  scanf_fp.o(.text)
    __aeabi_f2d                              0x08000865   Thumb Code    38  f2d.o(.text)
    __aeabi_d2f                              0x0800088b   Thumb Code    56  d2f.o(.text)
    __aeabi_uidiv                            0x080008c3   Thumb Code     0  uidiv.o(.text)
    __aeabi_uidivmod                         0x080008c3   Thumb Code    44  uidiv.o(.text)
    __aeabi_uldivmod                         0x080008ef   Thumb Code    98  uldiv.o(.text)
    _localtime                               0x08000951   Thumb Code   134  localtime_i.o(.text)
    _chval                                   0x080009dd   Thumb Code    28  _chval.o(.text)
    __vfscanf_char                           0x08000a05   Thumb Code    20  scanf_char.o(.text)
    _sgetc                                   0x08000a21   Thumb Code    30  _sgetc.o(.text)
    _sbackspace                              0x08000a3f   Thumb Code    34  _sgetc.o(.text)
    __strtod_int                             0x08000a97   Thumb Code    90  strtod.o(.text)
    __I$use$fp                               0x08000afd   Thumb Code     0  iusefp.o(.text)
    _float_round                             0x08000afd   Thumb Code    18  fepilogue.o(.text)
    _float_epilogue                          0x08000b0f   Thumb Code    92  fepilogue.o(.text)
    __aeabi_dadd                             0x08000b6b   Thumb Code   322  dadd.o(.text)
    __aeabi_dsub                             0x08000cad   Thumb Code     6  dadd.o(.text)
    __aeabi_drsub                            0x08000cb3   Thumb Code     6  dadd.o(.text)
    __aeabi_dmul                             0x08000cb9   Thumb Code   228  dmul.o(.text)
    __aeabi_ddiv                             0x08000d9d   Thumb Code   222  ddiv.o(.text)
    __aeabi_ul2d                             0x08000e7b   Thumb Code    24  dfltul.o(.text)
    __aeabi_d2ulz                            0x08000e93   Thumb Code    48  dfixul.o(.text)
    __aeabi_cdrcmple                         0x08000ec5   Thumb Code    48  cdrcmple.o(.text)
    __scatterload                            0x08000ef5   Thumb Code    28  init.o(.text)
    __scatterload_rt2                        0x08000ef5   Thumb Code     0  init.o(.text)
    __aeabi_llsl                             0x08000f19   Thumb Code    30  llshl.o(.text)
    _ll_shift_l                              0x08000f19   Thumb Code     0  llshl.o(.text)
    __aeabi_llsr                             0x08000f37   Thumb Code    32  llushr.o(.text)
    _ll_ushift_r                             0x08000f37   Thumb Code     0  llushr.o(.text)
    __aeabi_lasr                             0x08000f57   Thumb Code    36  llsshr.o(.text)
    _ll_sshift_r                             0x08000f57   Thumb Code     0  llsshr.o(.text)
    isspace                                  0x08000f7b   Thumb Code    10  isspace_c.o(.text)
    __vfscanf                                0x08000f85   Thumb Code   810  _scanf.o(.text)
    _double_round                            0x080012b5   Thumb Code    30  depilogue.o(.text)
    _double_epilogue                         0x080012d3   Thumb Code   156  depilogue.o(.text)
    __ctype_lookup                           0x08001371   Thumb Code    34  ctype_c.o(.text)
    BusFault_Handler                         0x08001399   Thumb Code     2  gd32f4xx_it.o(i.BusFault_Handler)
    DebugMon_Handler                         0x0800139b   Thumb Code     2  gd32f4xx_it.o(i.DebugMon_Handler)
    HardFault_Handler                        0x0800139d   Thumb Code     2  gd32f4xx_it.o(i.HardFault_Handler)
    MemManage_Handler                        0x0800139f   Thumb Code     2  gd32f4xx_it.o(i.MemManage_Handler)
    NMI_Handler                              0x080013a1   Thumb Code     2  gd32f4xx_it.o(i.NMI_Handler)
    PendSV_Handler                           0x080013c3   Thumb Code     2  gd32f4xx_it.o(i.PendSV_Handler)
    SVC_Handler                              0x080013c5   Thumb Code     2  gd32f4xx_it.o(i.SVC_Handler)
    SysTick_Handler                          0x080013c9   Thumb Code    10  app_main.o(i.SysTick_Handler)
    SystemInit                               0x080013d9   Thumb Code   130  system_gd32f4xx.o(i.SystemInit)
    TIMER5_DAC_IRQHandler                    0x0800146d   Thumb Code    38  app_main.o(i.TIMER5_DAC_IRQHandler)
    TIMER6_IRQHandler                        0x0800149d   Thumb Code    54  app_main.o(i.TIMER6_IRQHandler)
    USART0_IRQHandler                        0x080014dd   Thumb Code    36  uart_driver.o(i.USART0_IRQHandler)
    UsageFault_Handler                       0x0800150d   Thumb Code     2  gd32f4xx_it.o(i.UsageFault_Handler)
    __0printf                                0x08001511   Thumb Code    22  printfa.o(i.__0printf)
    __1printf                                0x08001511   Thumb Code     0  printfa.o(i.__0printf)
    __2printf                                0x08001511   Thumb Code     0  printfa.o(i.__0printf)
    __c89printf                              0x08001511   Thumb Code     0  printfa.o(i.__0printf)
    printf                                   0x08001511   Thumb Code     0  printfa.o(i.__0printf)
    __0snprintf                              0x08001531   Thumb Code    48  printfa.o(i.__0snprintf)
    __1snprintf                              0x08001531   Thumb Code     0  printfa.o(i.__0snprintf)
    __2snprintf                              0x08001531   Thumb Code     0  printfa.o(i.__0snprintf)
    __c89snprintf                            0x08001531   Thumb Code     0  printfa.o(i.__0snprintf)
    snprintf                                 0x08001531   Thumb Code     0  printfa.o(i.__0snprintf)
    __hardfp_atof                            0x08001569   Thumb Code    44  atof.o(i.__hardfp_atof)
    __read_errno                             0x080015a1   Thumb Code     6  errno.o(i.__read_errno)
    __scatterload_copy                       0x080015ad   Thumb Code    14  handlers.o(i.__scatterload_copy)
    __scatterload_null                       0x080015bb   Thumb Code     2  handlers.o(i.__scatterload_null)
    __scatterload_zeroinit                   0x080015bd   Thumb Code    14  handlers.o(i.__scatterload_zeroinit)
    __set_errno                              0x080015cd   Thumb Code     6  errno.o(i.__set_errno)
    _is_digit                                0x0800175d   Thumb Code    14  scanf_fp.o(i._is_digit)
    adc_calibration_enable                   0x08001e89   Thumb Code    30  gd32f4xx_adc.o(i.adc_calibration_enable)
    adc_channel_length_config                0x08001ea7   Thumb Code    66  gd32f4xx_adc.o(i.adc_channel_length_config)
    adc_clock_config                         0x08001ee9   Thumb Code    18  gd32f4xx_adc.o(i.adc_clock_config)
    adc_data_alignment_config                0x08001f01   Thumb Code    24  gd32f4xx_adc.o(i.adc_data_alignment_config)
    adc_deinit                               0x08001f19   Thumb Code    22  gd32f4xx_adc.o(i.adc_deinit)
    adc_enable                               0x08001f2f   Thumb Code    16  gd32f4xx_adc.o(i.adc_enable)
    adc_external_trigger_config              0x08001f3f   Thumb Code    44  gd32f4xx_adc.o(i.adc_external_trigger_config)
    adc_flag_get                             0x08001f6b   Thumb Code    14  gd32f4xx_adc.o(i.adc_flag_get)
    adc_module_init                          0x08001f79   Thumb Code   148  adc_driver.o(i.adc_module_init)
    adc_read_single                          0x08002015   Thumb Code    46  adc_driver.o(i.adc_read_single)
    adc_resolution_config                    0x0800204d   Thumb Code    16  gd32f4xx_adc.o(i.adc_resolution_config)
    adc_routine_channel_config               0x0800205d   Thumb Code   126  gd32f4xx_adc.o(i.adc_routine_channel_config)
    adc_routine_data_read                    0x080020db   Thumb Code     6  gd32f4xx_adc.o(i.adc_routine_data_read)
    adc_software_trigger_enable              0x080020e1   Thumb Code    28  gd32f4xx_adc.o(i.adc_software_trigger_enable)
    adc_special_function_config              0x080020fd   Thumb Code    80  gd32f4xx_adc.o(i.adc_special_function_config)
    adc_sync_mode_config                     0x0800214d   Thumb Code    18  gd32f4xx_adc.o(i.adc_sync_mode_config)
    adc_to_voltage                           0x08002165   Thumb Code    26  adc_driver.o(i.adc_to_voltage)
    app_change_sampling_interval             0x08002189   Thumb Code    54  app_main.o(i.app_change_sampling_interval)
    app_main_loop                            0x080021e1   Thumb Code   100  app_main.o(i.app_main_loop)
    app_request_start_sampling               0x08002259   Thumb Code    58  app_main.o(i.app_request_start_sampling)
    app_request_stop_sampling                0x080022bd   Thumb Code    64  app_main.o(i.app_request_stop_sampling)
    app_set_stealth_mode                     0x08002325   Thumb Code    44  app_main.o(i.app_set_stealth_mode)
    bcd_to_byte                              0x080023a1   Thumb Code    18  rtc_driver.o(i.bcd_to_byte)
    byte_to_bcd                              0x080023b3   Thumb Code    22  rtc_driver.o(i.byte_to_bcd)
    cfgmgr_apply                             0x080023c9   Thumb Code    20  config_manager.o(i.cfgmgr_apply)
    cfgmgr_get_current                       0x080023e1   Thumb Code     4  config_manager.o(i.cfgmgr_get_current)
    cfgmgr_load_defaults                     0x080023e9   Thumb Code    32  config_manager.o(i.cfgmgr_load_defaults)
    cfgmgr_load_from_flash                   0x08002409   Thumb Code   144  config_manager.o(i.cfgmgr_load_from_flash)
    cfgmgr_load_from_tf_card                 0x0800251d   Thumb Code   426  config_manager.o(i.cfgmgr_load_from_tf_card)
    cfgmgr_save_to_flash                     0x08002769   Thumb Code    92  config_manager.o(i.cfgmgr_save_to_flash)
    clust2sect                               0x08002b81   Thumb Code    24  ff.o(i.clust2sect)
    cmd_execute                              0x08002c75   Thumb Code   184  command.o(i.cmd_execute)
    cmd_is_waiting_for_input                 0x08002e41   Thumb Code    12  command.o(i.cmd_is_waiting_for_input)
    cmd_parser_init                          0x08002f09   Thumb Code    22  command.o(i.cmd_parser_init)
    cmd_parser_input_char                    0x08002f1f   Thumb Code    70  command.o(i.cmd_parser_input_char)
    cmd_process_pending_input                0x08002f65   Thumb Code   362  command.o(i.cmd_process_pending_input)
    cmd_split_args                           0x080032e9   Thumb Code    44  command.o(i.cmd_split_args)
    datastore_flush                          0x080037c1   Thumb Code    48  data_logger.o(i.datastore_flush)
    datastore_init                           0x08003801   Thumb Code    12  data_logger.o(i.datastore_init)
    datastore_write_overlimit                0x08003811   Thumb Code   162  data_logger.o(i.datastore_write_overlimit)
    datastore_write_sample                   0x08003905   Thumb Code   310  data_logger.o(i.datastore_write_sample)
    disk_initialize                          0x08003e53   Thumb Code   108  diskio.o(i.disk_initialize)
    disk_ioctl                               0x08003ebf   Thumb Code     4  diskio.o(i.disk_ioctl)
    disk_read                                0x08003ec3   Thumb Code    62  diskio.o(i.disk_read)
    disk_status                              0x08003f01   Thumb Code    12  diskio.o(i.disk_status)
    disk_write                               0x08003f0d   Thumb Code    62  diskio.o(i.disk_write)
    dma_channel_disable                      0x08003f85   Thumb Code    18  gd32f4xx_dma.o(i.dma_channel_disable)
    dma_channel_enable                       0x08003f97   Thumb Code    18  gd32f4xx_dma.o(i.dma_channel_enable)
    dma_channel_subperipheral_select         0x08003fa9   Thumb Code    22  gd32f4xx_dma.o(i.dma_channel_subperipheral_select)
    dma_deinit                               0x08003fbf   Thumb Code    88  gd32f4xx_dma.o(i.dma_deinit)
    dma_flag_clear                           0x08004017   Thumb Code    54  gd32f4xx_dma.o(i.dma_flag_clear)
    dma_flag_get                             0x0800404d   Thumb Code    66  gd32f4xx_dma.o(i.dma_flag_get)
    dma_flow_controller_config               0x0800408f   Thumb Code    32  gd32f4xx_dma.o(i.dma_flow_controller_config)
    dma_multi_data_mode_init                 0x080040b1   Thumb Code   150  gd32f4xx_dma.o(i.dma_multi_data_mode_init)
    encoder_format_csv_line                  0x080042a5   Thumb Code    76  data_encoder.o(i.encoder_format_csv_line)
    encoder_timestamp_to_hex                 0x08004319   Thumb Code    96  data_encoder.o(i.encoder_timestamp_to_hex)
    event_log_clear_flag_check               0x0800438d   Thumb Code    82  data_logger.o(i.event_log_clear_flag_check)
    event_log_clear_flag_set                 0x0800441d   Thumb Code    34  data_logger.o(i.event_log_clear_flag_set)
    event_log_clear_now                      0x08004465   Thumb Code    38  data_logger.o(i.event_log_clear_now)
    event_log_init                           0x080044a9   Thumb Code   256  data_logger.o(i.event_log_init)
    event_log_write                          0x080045cd   Thumb Code   126  data_logger.o(i.event_log_write)
    evtq_get                                 0x08004679   Thumb Code    70  event_queue.o(i.evtq_get)
    evtq_init                                0x080046bf   Thumb Code    18  event_queue.o(i.evtq_init)
    evtq_is_empty                            0x080046d1   Thumb Code    18  event_queue.o(i.evtq_is_empty)
    evtq_is_full                             0x080046e3   Thumb Code    20  event_queue.o(i.evtq_is_full)
    evtq_put                                 0x080046f7   Thumb Code    70  event_queue.o(i.evtq_put)
    exp_init                                 0x08004865   Thumb Code    22  filter.o(i.exp_init)
    exp_update                               0x08004881   Thumb Code    52  filter.o(i.exp_update)
    f_close                                  0x080048b5   Thumb Code    20  ff.o(i.f_close)
    f_getfree                                0x080048c9   Thumb Code   226  ff.o(i.f_getfree)
    f_gets                                   0x080049ab   Thumb Code    68  ff.o(i.f_gets)
    f_mkdir                                  0x080049ef   Thumb Code   404  ff.o(i.f_mkdir)
    f_mount                                  0x08004b85   Thumb Code    28  ff.o(i.f_mount)
    f_open                                   0x08004ba5   Thumb Code   388  ff.o(i.f_open)
    f_read                                   0x08004d29   Thumb Code   388  ff.o(i.f_read)
    f_sync                                   0x08004ead   Thumb Code   164  ff.o(i.f_sync)
    f_write                                  0x08004f51   Thumb Code   442  ff.o(i.f_write)
    ff_convert                               0x0800510b   Thumb Code     8  unicode_stub.o(i.ff_convert)
    ff_memalloc                              0x08005113   Thumb Code     4  unicode_stub.o(i.ff_memalloc)
    ff_memfree                               0x08005117   Thumb Code     4  unicode_stub.o(i.ff_memfree)
    ff_wtoupper                              0x0800511b   Thumb Code    14  unicode_stub.o(i.ff_wtoupper)
    filter_init                              0x08005129   Thumb Code    40  filter.o(i.filter_init)
    filter_process                           0x08005155   Thumb Code    72  filter.o(i.filter_process)
    fputc                                    0x08005305   Thumb Code    14  uart_driver.o(i.fputc)
    free                                     0x08005315   Thumb Code    76  malloc.o(i.free)
    gen_numname                              0x08005365   Thumb Code   138  ff.o(i.gen_numname)
    get_fat                                  0x080053ef   Thumb Code   202  ff.o(i.get_fat)
    get_fattime                              0x080054b9   Thumb Code     4  diskio.o(i.get_fattime)
    gpio_af_set                              0x080054bd   Thumb Code   100  gd32f4xx_gpio.o(i.gpio_af_set)
    gpio_bit_reset                           0x08005521   Thumb Code     4  gd32f4xx_gpio.o(i.gpio_bit_reset)
    gpio_bit_set                             0x08005525   Thumb Code     4  gd32f4xx_gpio.o(i.gpio_bit_set)
    gpio_bit_toggle                          0x08005529   Thumb Code     4  gd32f4xx_gpio.o(i.gpio_bit_toggle)
    gpio_input_bit_get                       0x080055a5   Thumb Code    14  gd32f4xx_gpio.o(i.gpio_input_bit_get)
    gpio_mode_set                            0x080055b3   Thumb Code    72  gd32f4xx_gpio.o(i.gpio_mode_set)
    gpio_output_options_set                  0x080055fb   Thumb Code    70  gd32f4xx_gpio.o(i.gpio_output_options_set)
    key_get_state                            0x080058e5   Thumb Code    40  key_driver.o(i.key_get_state)
    key_initialize_all                       0x08005911   Thumb Code    48  key_driver.o(i.key_initialize_all)
    key_scan_any                             0x08005945   Thumb Code    80  key_driver.o(i.key_scan_any)
    led_blink_timer_setup                    0x08005999   Thumb Code    44  timer_driver.o(i.led_blink_timer_setup)
    led_initialize_all                       0x080059c9   Thumb Code    72  led_driver.o(i.led_initialize_all)
    led_set_state                            0x08005a15   Thumb Code    56  led_driver.o(i.led_set_state)
    led_toggle                               0x08005a51   Thumb Code     6  led_driver.o(i.led_toggle)
    main                                     0x08005a57   Thumb Code    10  main.o(i.main)
    malloc                                   0x08005ad5   Thumb Code    92  malloc.o(i.malloc)
    median_init                              0x08005b41   Thumb Code    26  filter.o(i.median_init)
    median_update                            0x08005b5b   Thumb Code   140  filter.o(i.median_update)
    moving_avg_init                          0x08005c91   Thumb Code    28  filter.o(i.moving_avg_init)
    moving_avg_update                        0x08005cad   Thumb Code    70  filter.o(i.moving_avg_update)
    nvic_irq_enable                          0x08005cf5   Thumb Code   150  gd32f4xx_misc.o(i.nvic_irq_enable)
    nvic_priority_group_set                  0x08005d91   Thumb Code    10  gd32f4xx_misc.o(i.nvic_priority_group_set)
    oled_clear_screen                        0x08005da5   Thumb Code    10  oled_driver.o(i.oled_clear_screen)
    oled_display_time_value                  0x08005db5   Thumb Code    42  oled_driver.o(i.oled_display_time_value)
    oled_hw_init                             0x08005de1   Thumb Code   244  oled_driver.o(i.oled_hw_init)
    oled_refresh                             0x08005edd   Thumb Code    58  oled_driver.o(i.oled_refresh)
    oled_show_text                           0x08005f61   Thumb Code    92  oled_driver.o(i.oled_show_text)
    pmu_backup_write_enable                  0x08005fc5   Thumb Code    12  gd32f4xx_pmu.o(i.pmu_backup_write_enable)
    put_fat                                  0x08006069   Thumb Code   246  ff.o(i.put_fat)
    rcu_clock_freq_get                       0x08006391   Thumb Code   200  gd32f4xx_rcu.o(i.rcu_clock_freq_get)
    rcu_flag_get                             0x0800649d   Thumb Code    30  gd32f4xx_rcu.o(i.rcu_flag_get)
    rcu_osci_on                              0x080064c1   Thumb Code    26  gd32f4xx_rcu.o(i.rcu_osci_on)
    rcu_osci_stab_wait                       0x080064e1   Thumb Code   306  gd32f4xx_rcu.o(i.rcu_osci_stab_wait)
    rcu_periph_clock_enable                  0x08006619   Thumb Code    26  gd32f4xx_rcu.o(i.rcu_periph_clock_enable)
    rcu_periph_reset_disable                 0x08006639   Thumb Code    26  gd32f4xx_rcu.o(i.rcu_periph_reset_disable)
    rcu_periph_reset_enable                  0x08006659   Thumb Code    26  gd32f4xx_rcu.o(i.rcu_periph_reset_enable)
    rcu_rtc_clock_config                     0x08006679   Thumb Code    14  gd32f4xx_rcu.o(i.rcu_rtc_clock_config)
    ringbuf_init                             0x08006775   Thumb Code    18  ring_buffer.o(i.ringbuf_init)
    ringbuf_is_empty                         0x08006787   Thumb Code    18  ring_buffer.o(i.ringbuf_is_empty)
    ringbuf_is_full                          0x08006799   Thumb Code    22  ring_buffer.o(i.ringbuf_is_full)
    ringbuf_pop                              0x080067af   Thumb Code    56  ring_buffer.o(i.ringbuf_pop)
    ringbuf_push                             0x080067e7   Thumb Code    52  ring_buffer.o(i.ringbuf_push)
    rtc_current_time_get                     0x08006885   Thumb Code    90  gd32f4xx_rtc.o(i.rtc_current_time_get)
    rtc_get_formatted                        0x080068e5   Thumb Code    70  rtc_driver.o(i.rtc_get_formatted)
    rtc_get_timestamp                        0x0800694d   Thumb Code    84  rtc_driver.o(i.rtc_get_timestamp)
    rtc_hw_init                              0x080069a1   Thumb Code    58  rtc_driver.o(i.rtc_hw_init)
    rtc_init                                 0x080069e1   Thumb Code   176  gd32f4xx_rtc.o(i.rtc_init)
    rtc_init_mode_enter                      0x08006a95   Thumb Code    56  gd32f4xx_rtc.o(i.rtc_init_mode_enter)
    rtc_init_mode_exit                       0x08006ad1   Thumb Code    12  gd32f4xx_rtc.o(i.rtc_init_mode_exit)
    rtc_register_sync_wait                   0x08006ae1   Thumb Code    74  gd32f4xx_rtc.o(i.rtc_register_sync_wait)
    rtc_set_datetime                         0x08006b31   Thumb Code   146  rtc_driver.o(i.rtc_set_datetime)
    rtc_to_unix                              0x08006bc9   Thumb Code    68  rtc_driver.o(i.rtc_to_unix)
    sample_timer_adjust_period               0x08006c0d   Thumb Code    42  timer_driver.o(i.sample_timer_adjust_period)
    sample_timer_setup                       0x08006c3d   Thumb Code    44  timer_driver.o(i.sample_timer_setup)
    sample_timer_start                       0x08006c6d   Thumb Code    16  timer_driver.o(i.sample_timer_start)
    sample_timer_stop                        0x08006c85   Thumb Code    16  timer_driver.o(i.sample_timer_stop)
    sd_block_read                            0x08006c9d   Thumb Code   464  sdcard.o(i.sd_block_read)
    sd_block_write                           0x08006e7d   Thumb Code   634  sdcard.o(i.sd_block_write)
    sd_bus_mode_config                       0x08007109   Thumb Code   130  sdcard.o(i.sd_bus_mode_config)
    sd_card_get_capacity                     0x0800725d   Thumb Code    76  sd_card_driver.o(i.sd_card_get_capacity)
    sd_card_hw_init                          0x080072b5   Thumb Code   124  sd_card_driver.o(i.sd_card_hw_init)
    sd_card_information_get                  0x0800735d   Thumb Code   504  sdcard.o(i.sd_card_information_get)
    sd_card_init                             0x0800755d   Thumb Code   234  sdcard.o(i.sd_card_init)
    sd_card_is_mounted                       0x08007651   Thumb Code     6  sd_card_driver.o(i.sd_card_is_mounted)
    sd_card_select_deselect                  0x0800765d   Thumb Code    32  sdcard.o(i.sd_card_select_deselect)
    sd_cardstatus_get                        0x08007725   Thumb Code    64  sdcard.o(i.sd_cardstatus_get)
    sd_get_filesystem                        0x0800777d   Thumb Code    16  sd_card_driver.o(i.sd_get_filesystem)
    sd_init                                  0x08007795   Thumb Code    62  sdcard.o(i.sd_init)
    sd_multiblocks_read                      0x080077d5   Thumb Code   572  sdcard.o(i.sd_multiblocks_read)
    sd_multiblocks_write                     0x08007a21   Thumb Code   734  sdcard.o(i.sd_multiblocks_write)
    sd_power_on                              0x08007d11   Thumb Code   270  sdcard.o(i.sd_power_on)
    sd_transfer_mode_config                  0x08007f7d   Thumb Code    22  sdcard.o(i.sd_transfer_mode_config)
    sdio_bus_mode_set                        0x08007f99   Thumb Code    18  gd32f4xx_sdio.o(i.sdio_bus_mode_set)
    sdio_clock_config                        0x08007fb1   Thumb Code    36  gd32f4xx_sdio.o(i.sdio_clock_config)
    sdio_clock_enable                        0x08007fdd   Thumb Code    12  gd32f4xx_sdio.o(i.sdio_clock_enable)
    sdio_command_index_get                   0x08007fed   Thumb Code     8  gd32f4xx_sdio.o(i.sdio_command_index_get)
    sdio_command_response_config             0x08007ff9   Thumb Code    36  gd32f4xx_sdio.o(i.sdio_command_response_config)
    sdio_csm_enable                          0x08008021   Thumb Code    12  gd32f4xx_sdio.o(i.sdio_csm_enable)
    sdio_data_config                         0x08008031   Thumb Code    42  gd32f4xx_sdio.o(i.sdio_data_config)
    sdio_data_read                           0x08008061   Thumb Code     6  gd32f4xx_sdio.o(i.sdio_data_read)
    sdio_data_transfer_config                0x0800806d   Thumb Code    16  gd32f4xx_sdio.o(i.sdio_data_transfer_config)
    sdio_data_write                          0x08008081   Thumb Code     6  gd32f4xx_sdio.o(i.sdio_data_write)
    sdio_deinit                              0x0800808d   Thumb Code    22  gd32f4xx_sdio.o(i.sdio_deinit)
    sdio_dma_disable                         0x080080a5   Thumb Code    12  gd32f4xx_sdio.o(i.sdio_dma_disable)
    sdio_dma_enable                          0x080080b5   Thumb Code    12  gd32f4xx_sdio.o(i.sdio_dma_enable)
    sdio_dsm_disable                         0x080080c5   Thumb Code    12  gd32f4xx_sdio.o(i.sdio_dsm_disable)
    sdio_dsm_enable                          0x080080d5   Thumb Code    12  gd32f4xx_sdio.o(i.sdio_dsm_enable)
    sdio_flag_clear                          0x080080e5   Thumb Code     6  gd32f4xx_sdio.o(i.sdio_flag_clear)
    sdio_flag_get                            0x080080f1   Thumb Code    16  gd32f4xx_sdio.o(i.sdio_flag_get)
    sdio_hardware_clock_disable              0x08008105   Thumb Code    12  gd32f4xx_sdio.o(i.sdio_hardware_clock_disable)
    sdio_interrupt_enable                    0x08008115   Thumb Code    10  gd32f4xx_sdio.o(i.sdio_interrupt_enable)
    sdio_power_state_get                     0x08008125   Thumb Code     6  gd32f4xx_sdio.o(i.sdio_power_state_get)
    sdio_power_state_set                     0x08008131   Thumb Code     6  gd32f4xx_sdio.o(i.sdio_power_state_set)
    sdio_response_get                        0x0800813d   Thumb Code    50  gd32f4xx_sdio.o(i.sdio_response_get)
    sdio_wait_type_set                       0x08008175   Thumb Code    18  gd32f4xx_sdio.o(i.sdio_wait_type_set)
    selftest_run_all                         0x0800818d   Thumb Code   210  self_test.o(i.selftest_run_all)
    spi_enable                               0x0800853d   Thumb Code    10  gd32f4xx_spi.o(i.spi_enable)
    spi_flash_erase_sector                   0x08008549   Thumb Code    76  spi_flash_driver.o(i.spi_flash_erase_sector)
    spi_flash_hw_init                        0x08008599   Thumb Code   216  spi_flash_driver.o(i.spi_flash_hw_init)
    spi_flash_read                           0x08008679   Thumb Code    96  spi_flash_driver.o(i.spi_flash_read)
    spi_flash_read_chip_id                   0x080086dd   Thumb Code    60  spi_flash_driver.o(i.spi_flash_read_chip_id)
    spi_flash_write                          0x0800871d   Thumb Code   146  spi_flash_driver.o(i.spi_flash_write)
    spi_i2s_data_receive                     0x080087b5   Thumb Code     6  gd32f4xx_spi.o(i.spi_i2s_data_receive)
    spi_i2s_data_transmit                    0x080087bb   Thumb Code     4  gd32f4xx_spi.o(i.spi_i2s_data_transmit)
    spi_i2s_flag_get                         0x080087bf   Thumb Code    14  gd32f4xx_spi.o(i.spi_i2s_flag_get)
    spi_init                                 0x080087cd   Thumb Code    46  gd32f4xx_spi.o(i.spi_init)
    spi_struct_para_init                     0x080087fb   Thumb Code    18  gd32f4xx_spi.o(i.spi_struct_para_init)
    timer_autoreload_value_config            0x08008a49   Thumb Code     4  gd32f4xx_timer.o(i.timer_autoreload_value_config)
    timer_deinit                             0x08008a4d   Thumb Code   380  gd32f4xx_timer.o(i.timer_deinit)
    timer_disable                            0x08008bd5   Thumb Code    10  gd32f4xx_timer.o(i.timer_disable)
    timer_enable                             0x08008bdf   Thumb Code    10  gd32f4xx_timer.o(i.timer_enable)
    timer_init                               0x08008be9   Thumb Code   120  gd32f4xx_timer.o(i.timer_init)
    timer_interrupt_enable                   0x08008c7d   Thumb Code     8  gd32f4xx_timer.o(i.timer_interrupt_enable)
    timer_interrupt_flag_clear               0x08008c85   Thumb Code     6  gd32f4xx_timer.o(i.timer_interrupt_flag_clear)
    timer_interrupt_flag_get                 0x08008c8b   Thumb Code    20  gd32f4xx_timer.o(i.timer_interrupt_flag_get)
    timer_struct_para_init                   0x08008cf1   Thumb Code    20  gd32f4xx_timer.o(i.timer_struct_para_init)
    uart_get_rx_buffer                       0x08008d05   Thumb Code     4  uart_driver.o(i.uart_get_rx_buffer)
    uart_module_init                         0x08008d0d   Thumb Code   204  uart_driver.o(i.uart_module_init)
    uart_send_byte                           0x08008de5   Thumb Code    38  uart_driver.o(i.uart_send_byte)
    usart_baudrate_set                       0x08008e15   Thumb Code   176  gd32f4xx_usart.o(i.usart_baudrate_set)
    usart_data_receive                       0x08008ecd   Thumb Code     8  gd32f4xx_usart.o(i.usart_data_receive)
    usart_data_transmit                      0x08008ed5   Thumb Code     8  gd32f4xx_usart.o(i.usart_data_transmit)
    usart_deinit                             0x08008edd   Thumb Code   214  gd32f4xx_usart.o(i.usart_deinit)
    usart_enable                             0x08008fbd   Thumb Code    10  gd32f4xx_usart.o(i.usart_enable)
    usart_flag_get                           0x08008fc7   Thumb Code    26  gd32f4xx_usart.o(i.usart_flag_get)
    usart_hardware_flow_cts_config           0x08008fe1   Thumb Code    20  gd32f4xx_usart.o(i.usart_hardware_flow_cts_config)
    usart_hardware_flow_rts_config           0x08008ff5   Thumb Code    20  gd32f4xx_usart.o(i.usart_hardware_flow_rts_config)
    usart_interrupt_enable                   0x08009009   Thumb Code    20  gd32f4xx_usart.o(i.usart_interrupt_enable)
    usart_interrupt_flag_get                 0x0800901d   Thumb Code    50  gd32f4xx_usart.o(i.usart_interrupt_flag_get)
    usart_parity_config                      0x0800904f   Thumb Code    16  gd32f4xx_usart.o(i.usart_parity_config)
    usart_receive_config                     0x0800905f   Thumb Code    12  gd32f4xx_usart.o(i.usart_receive_config)
    usart_stop_bit_set                       0x0800906b   Thumb Code    16  gd32f4xx_usart.o(i.usart_stop_bit_set)
    usart_transmit_config                    0x0800907b   Thumb Code    12  gd32f4xx_usart.o(i.usart_transmit_config)
    usart_word_length_set                    0x08009087   Thumb Code    16  gd32f4xx_usart.o(i.usart_word_length_set)
    cmd_table                                0x08009310   Data         240  command.o(.constdata)
    __ctype_categories                       0x08009425   Data          64  ctype_c.o(.constdata)
    Region$$Table$$Base                      0x08009680   Number         0  anon$$obj.o(Region$$Table)
    Region$$Table$$Limit                     0x080096a0   Number         0  anon$$obj.o(Region$$Table)
    g_sampling_active                        0x20000000   Data           1  app_main.o(.data)
    g_system_ticks                           0x20000004   Data           4  app_main.o(.data)
    SystemCoreClock                          0x2000001c   Data           4  system_gd32f4xx.o(.data)
    sd_scr                                   0x20000040   Data           8  sdcard.o(.data)
    __stdout                                 0x2000004c   Data           4  stdout.o(.data)
    __microlib_freelist                      0x20000050   Data           4  mvars.o(.data)
    __microlib_freelist_initialised          0x20000054   Data           4  mvars.o(.data)
    __heap_base                              0x200010c8   Data           0  startup_gd32f450_470.o(HEAP)
    __heap_limit                             0x200018c8   Data           0  startup_gd32f450_470.o(HEAP)
    __initial_sp                             0x200020c8   Data           0  startup_gd32f450_470.o(STACK)



==============================================================================

Memory Map of the image

  Image Entry point : 0x080001ad

  Load Region LR_IROM1 (Base: 0x08000000, Size: 0x000096fc, Max: 0x00080000, ABSOLUTE)

    Execution Region ER_IROM1 (Exec base: 0x08000000, Load base: 0x08000000, Size: 0x000096a0, Max: 0x00080000, ABSOLUTE)

    Exec Addr    Load Addr    Size         Type   Attr      Idx    E Section Name        Object

    0x08000000   0x08000000   0x000001ac   Data   RO         1377    RESET               startup_gd32f450_470.o
    0x080001ac   0x080001ac   0x00000000   Code   RO         7526  * .ARM.Collect$$$$00000000  mc_w.l(entry.o)
    0x080001ac   0x080001ac   0x00000004   Code   RO         7853    .ARM.Collect$$$$00000001  mc_w.l(entry2.o)
    0x080001b0   0x080001b0   0x00000004   Code   RO         7856    .ARM.Collect$$$$00000004  mc_w.l(entry5.o)
    0x080001b4   0x080001b4   0x00000000   Code   RO         7858    .ARM.Collect$$$$00000008  mc_w.l(entry7b.o)
    0x080001b4   0x080001b4   0x00000000   Code   RO         7860    .ARM.Collect$$$$0000000A  mc_w.l(entry8b.o)
    0x080001b4   0x080001b4   0x00000008   Code   RO         7861    .ARM.Collect$$$$0000000B  mc_w.l(entry9a.o)
    0x080001bc   0x080001bc   0x00000004   Code   RO         7868    .ARM.Collect$$$$0000000E  mc_w.l(entry12b.o)
    0x080001c0   0x080001c0   0x00000000   Code   RO         7863    .ARM.Collect$$$$0000000F  mc_w.l(entry10a.o)
    0x080001c0   0x080001c0   0x00000000   Code   RO         7865    .ARM.Collect$$$$00000011  mc_w.l(entry11a.o)
    0x080001c0   0x080001c0   0x00000004   Code   RO         7854    .ARM.Collect$$$$00002712  mc_w.l(entry2.o)
    0x080001c4   0x080001c4   0x00000024   Code   RO         1378    .text               startup_gd32f450_470.o
    0x080001e8   0x080001e8   0x0000000c   Code   RO         7529    .text               mc_w.l(tolower.o)
    0x080001f4   0x080001f4   0x000000a8   Code   RO         7531    .text               mc_w.l(mktime.o)
    0x0800029c   0x0800029c   0x00000024   Code   RO         7534    .text               mc_w.l(memseta.o)
    0x080002c0   0x080002c0   0x00000018   Code   RO         7536    .text               mc_w.l(strncpy.o)
    0x080002d8   0x080002d8   0x00000014   Code   RO         7538    .text               mc_w.l(strchr.o)
    0x080002ec   0x080002ec   0x0000000e   Code   RO         7540    .text               mc_w.l(strlen.o)
    0x080002fa   0x080002fa   0x0000001c   Code   RO         7542    .text               mc_w.l(strcmp.o)
    0x08000316   0x08000316   0x00000002   PAD
    0x08000318   0x08000318   0x00000044   Code   RO         7544    .text               mc_w.l(strtok.o)
    0x0800035c   0x0800035c   0x00000022   Code   RO         7550    .text               mc_w.l(strcspn.o)
    0x0800037e   0x0800037e   0x00000002   PAD
    0x08000380   0x08000380   0x00000038   Code   RO         7841    .text               mc_w.l(__0sscanf.o)
    0x080003b8   0x080003b8   0x0000014c   Code   RO         7843    .text               mc_w.l(_scanf_int.o)
    0x08000504   0x08000504   0x00000360   Code   RO         7845    .text               mc_w.l(scanf_fp.o)
    0x08000864   0x08000864   0x00000026   Code   RO         7849    .text               mf_w.l(f2d.o)
    0x0800088a   0x0800088a   0x00000038   Code   RO         7851    .text               mf_w.l(d2f.o)
    0x080008c2   0x080008c2   0x0000002c   Code   RO         7870    .text               mc_w.l(uidiv.o)
    0x080008ee   0x080008ee   0x00000062   Code   RO         7872    .text               mc_w.l(uldiv.o)
    0x08000950   0x08000950   0x0000008c   Code   RO         7877    .text               mc_w.l(localtime_i.o)
    0x080009dc   0x080009dc   0x0000001c   Code   RO         7893    .text               mc_w.l(_chval.o)
    0x080009f8   0x080009f8   0x00000028   Code   RO         7895    .text               mc_w.l(scanf_char.o)
    0x08000a20   0x08000a20   0x00000040   Code   RO         7897    .text               mc_w.l(_sgetc.o)
    0x08000a60   0x08000a60   0x0000009c   Code   RO         7899    .text               mc_w.l(strtod.o)
    0x08000afc   0x08000afc   0x00000000   Code   RO         7901    .text               mc_w.l(iusefp.o)
    0x08000afc   0x08000afc   0x0000006e   Code   RO         7902    .text               mf_w.l(fepilogue.o)
    0x08000b6a   0x08000b6a   0x0000014e   Code   RO         7904    .text               mf_w.l(dadd.o)
    0x08000cb8   0x08000cb8   0x000000e4   Code   RO         7906    .text               mf_w.l(dmul.o)
    0x08000d9c   0x08000d9c   0x000000de   Code   RO         7908    .text               mf_w.l(ddiv.o)
    0x08000e7a   0x08000e7a   0x00000018   Code   RO         7910    .text               mf_w.l(dfltul.o)
    0x08000e92   0x08000e92   0x00000030   Code   RO         7912    .text               mf_w.l(dfixul.o)
    0x08000ec2   0x08000ec2   0x00000002   PAD
    0x08000ec4   0x08000ec4   0x00000030   Code   RO         7914    .text               mf_w.l(cdrcmple.o)
    0x08000ef4   0x08000ef4   0x00000024   Code   RO         7916    .text               mc_w.l(init.o)
    0x08000f18   0x08000f18   0x0000001e   Code   RO         7918    .text               mc_w.l(llshl.o)
    0x08000f36   0x08000f36   0x00000020   Code   RO         7920    .text               mc_w.l(llushr.o)
    0x08000f56   0x08000f56   0x00000024   Code   RO         7922    .text               mc_w.l(llsshr.o)
    0x08000f7a   0x08000f7a   0x0000000a   Code   RO         7924    .text               mc_w.l(isspace_c.o)
    0x08000f84   0x08000f84   0x00000330   Code   RO         7926    .text               mc_w.l(_scanf.o)
    0x080012b4   0x080012b4   0x000000ba   Code   RO         7928    .text               mf_w.l(depilogue.o)
    0x0800136e   0x0800136e   0x00000002   PAD
    0x08001370   0x08001370   0x00000028   Code   RO         7930    .text               mc_w.l(ctype_c.o)
    0x08001398   0x08001398   0x00000002   Code   RO         1384    i.BusFault_Handler  gd32f4xx_it.o
    0x0800139a   0x0800139a   0x00000002   Code   RO         1385    i.DebugMon_Handler  gd32f4xx_it.o
    0x0800139c   0x0800139c   0x00000002   Code   RO         1386    i.HardFault_Handler  gd32f4xx_it.o
    0x0800139e   0x0800139e   0x00000002   Code   RO         1387    i.MemManage_Handler  gd32f4xx_it.o
    0x080013a0   0x080013a0   0x00000002   Code   RO         1388    i.NMI_Handler       gd32f4xx_it.o
    0x080013a2   0x080013a2   0x00000020   Code   RO          165    i.NVIC_SetPriority  app_main.o
    0x080013c2   0x080013c2   0x00000002   Code   RO         1389    i.PendSV_Handler    gd32f4xx_it.o
    0x080013c4   0x080013c4   0x00000002   Code   RO         1390    i.SVC_Handler       gd32f4xx_it.o
    0x080013c6   0x080013c6   0x00000002   PAD
    0x080013c8   0x080013c8   0x00000010   Code   RO          166    i.SysTick_Handler   app_main.o
    0x080013d8   0x080013d8   0x00000094   Code   RO         1450    i.SystemInit        system_gd32f4xx.o
    0x0800146c   0x0800146c   0x00000030   Code   RO          167    i.TIMER5_DAC_IRQHandler  app_main.o
    0x0800149c   0x0800149c   0x00000040   Code   RO          168    i.TIMER6_IRQHandler  app_main.o
    0x080014dc   0x080014dc   0x00000030   Code   RO          765    i.USART0_IRQHandler  uart_driver.o
    0x0800150c   0x0800150c   0x00000002   Code   RO         1391    i.UsageFault_Handler  gd32f4xx_it.o
    0x0800150e   0x0800150e   0x00000002   PAD
    0x08001510   0x08001510   0x00000020   Code   RO         7785    i.__0printf         mc_w.l(printfa.o)
    0x08001530   0x08001530   0x00000034   Code   RO         7786    i.__0snprintf       mc_w.l(printfa.o)
    0x08001564   0x08001564   0x00000004   PAD
    0x08001568   0x08001568   0x00000038   Code   RO         7520    i.__hardfp_atof     m_wm.l(atof.o)
    0x080015a0   0x080015a0   0x0000000c   Code   RO         7887    i.__read_errno      mc_w.l(errno.o)
    0x080015ac   0x080015ac   0x0000000e   Code   RO         7935    i.__scatterload_copy  mc_w.l(handlers.o)
    0x080015ba   0x080015ba   0x00000002   Code   RO         7936    i.__scatterload_null  mc_w.l(handlers.o)
    0x080015bc   0x080015bc   0x0000000e   Code   RO         7937    i.__scatterload_zeroinit  mc_w.l(handlers.o)
    0x080015ca   0x080015ca   0x00000002   PAD
    0x080015cc   0x080015cc   0x0000000c   Code   RO         7888    i.__set_errno       mc_w.l(errno.o)
    0x080015d8   0x080015d8   0x00000184   Code   RO         7792    i._fp_digits        mc_w.l(printfa.o)
    0x0800175c   0x0800175c   0x0000000e   Code   RO         7847    i._is_digit         mc_w.l(scanf_fp.o)
    0x0800176a   0x0800176a   0x00000002   PAD
    0x0800176c   0x0800176c   0x000006b4   Code   RO         7793    i._printf_core      mc_w.l(printfa.o)
    0x08001e20   0x08001e20   0x00000024   Code   RO         7794    i._printf_post_padding  mc_w.l(printfa.o)
    0x08001e44   0x08001e44   0x0000002e   Code   RO         7795    i._printf_pre_padding  mc_w.l(printfa.o)
    0x08001e72   0x08001e72   0x00000016   Code   RO         7796    i._snputc           mc_w.l(printfa.o)
    0x08001e88   0x08001e88   0x0000001e   Code   RO         1491    i.adc_calibration_enable  gd32f4xx_adc.o
    0x08001ea6   0x08001ea6   0x00000042   Code   RO         1493    i.adc_channel_length_config  gd32f4xx_adc.o
    0x08001ee8   0x08001ee8   0x00000018   Code   RO         1494    i.adc_clock_config  gd32f4xx_adc.o
    0x08001f00   0x08001f00   0x00000018   Code   RO         1495    i.adc_data_alignment_config  gd32f4xx_adc.o
    0x08001f18   0x08001f18   0x00000016   Code   RO         1496    i.adc_deinit        gd32f4xx_adc.o
    0x08001f2e   0x08001f2e   0x00000010   Code   RO         1503    i.adc_enable        gd32f4xx_adc.o
    0x08001f3e   0x08001f3e   0x0000002c   Code   RO         1505    i.adc_external_trigger_config  gd32f4xx_adc.o
    0x08001f6a   0x08001f6a   0x0000000e   Code   RO         1508    i.adc_flag_get      gd32f4xx_adc.o
    0x08001f78   0x08001f78   0x0000009c   Code   RO          354    i.adc_module_init   adc_driver.o
    0x08002014   0x08002014   0x00000038   Code   RO          355    i.adc_read_single   adc_driver.o
    0x0800204c   0x0800204c   0x00000010   Code   RO         1520    i.adc_resolution_config  gd32f4xx_adc.o
    0x0800205c   0x0800205c   0x0000007e   Code   RO         1521    i.adc_routine_channel_config  gd32f4xx_adc.o
    0x080020da   0x080020da   0x00000006   Code   RO         1522    i.adc_routine_data_read  gd32f4xx_adc.o
    0x080020e0   0x080020e0   0x0000001c   Code   RO         1524    i.adc_software_trigger_enable  gd32f4xx_adc.o
    0x080020fc   0x080020fc   0x00000050   Code   RO         1525    i.adc_special_function_config  gd32f4xx_adc.o
    0x0800214c   0x0800214c   0x00000018   Code   RO         1530    i.adc_sync_mode_config  gd32f4xx_adc.o
    0x08002164   0x08002164   0x00000024   Code   RO          356    i.adc_to_voltage    adc_driver.o
    0x08002188   0x08002188   0x00000058   Code   RO          169    i.app_change_sampling_interval  app_main.o
    0x080021e0   0x080021e0   0x00000078   Code   RO          170    i.app_main_loop     app_main.o
    0x08002258   0x08002258   0x00000064   Code   RO          171    i.app_request_start_sampling  app_main.o
    0x080022bc   0x080022bc   0x00000068   Code   RO          172    i.app_request_stop_sampling  app_main.o
    0x08002324   0x08002324   0x00000030   Code   RO          173    i.app_set_stealth_mode  app_main.o
    0x08002354   0x08002354   0x0000004c   Code   RO          174    i.app_systick_config  app_main.o
    0x080023a0   0x080023a0   0x00000012   Code   RO          535    i.bcd_to_byte       rtc_driver.o
    0x080023b2   0x080023b2   0x00000016   Code   RO          536    i.byte_to_bcd       rtc_driver.o
    0x080023c8   0x080023c8   0x00000018   Code   RO          978    i.cfgmgr_apply      config_manager.o
    0x080023e0   0x080023e0   0x00000008   Code   RO          979    i.cfgmgr_get_current  config_manager.o
    0x080023e8   0x080023e8   0x00000020   Code   RO          980    i.cfgmgr_load_defaults  config_manager.o
    0x08002408   0x08002408   0x00000114   Code   RO          981    i.cfgmgr_load_from_flash  config_manager.o
    0x0800251c   0x0800251c   0x0000024c   Code   RO          982    i.cfgmgr_load_from_tf_card  config_manager.o
    0x08002768   0x08002768   0x000000a4   Code   RO          983    i.cfgmgr_save_to_flash  config_manager.o
    0x0800280c   0x0800280c   0x0000007c   Code   RO         7019    i.check_fs          ff.o
    0x08002888   0x08002888   0x00000010   Code   RO         7020    i.chk_chr           ff.o
    0x08002898   0x08002898   0x000002e8   Code   RO         7021    i.chk_mounted       ff.o
    0x08002b80   0x08002b80   0x00000018   Code   RO         7022    i.clust2sect        ff.o
    0x08002b98   0x08002b98   0x0000004c   Code   RO          826    i.cmd_cfg_load      command.o
    0x08002be4   0x08002be4   0x00000034   Code   RO          827    i.cmd_cfg_save      command.o
    0x08002c18   0x08002c18   0x0000005c   Code   RO          828    i.cmd_conf          command.o
    0x08002c74   0x08002c74   0x000000f0   Code   RO          829    i.cmd_execute       command.o
    0x08002d64   0x08002d64   0x00000098   Code   RO          830    i.cmd_help          command.o
    0x08002dfc   0x08002dfc   0x00000044   Code   RO          831    i.cmd_hide          command.o
    0x08002e40   0x08002e40   0x00000010   Code   RO          832    i.cmd_is_waiting_for_input  command.o
    0x08002e50   0x08002e50   0x00000058   Code   RO          833    i.cmd_limit         command.o
    0x08002ea8   0x08002ea8   0x00000034   Code   RO          834    i.cmd_log_clear_next  command.o
    0x08002edc   0x08002edc   0x0000002c   Code   RO          835    i.cmd_log_clear_now  command.o
    0x08002f08   0x08002f08   0x00000016   Code   RO          837    i.cmd_parser_init   command.o
    0x08002f1e   0x08002f1e   0x00000046   Code   RO          838    i.cmd_parser_input_char  command.o
    0x08002f64   0x08002f64   0x000002c4   Code   RO          839    i.cmd_process_pending_input  command.o
    0x08003228   0x08003228   0x00000058   Code   RO          840    i.cmd_ratio         command.o
    0x08003280   0x08003280   0x00000028   Code   RO          841    i.cmd_rtc_now       command.o
    0x080032a8   0x080032a8   0x00000040   Code   RO          842    i.cmd_rtc_set       command.o
    0x080032e8   0x080032e8   0x00000030   Code   RO          843    i.cmd_split_args    command.o
    0x08003318   0x08003318   0x00000058   Code   RO          844    i.cmd_start         command.o
    0x08003370   0x08003370   0x00000054   Code   RO          845    i.cmd_stop          command.o
    0x080033c4   0x080033c4   0x00000030   Code   RO          846    i.cmd_test          command.o
    0x080033f4   0x080033f4   0x00000048   Code   RO          847    i.cmd_unhide        command.o
    0x0800343c   0x0800343c   0x00000030   Code   RO         7306    i.cmdsent_error_check  sdcard.o
    0x0800346c   0x0800346c   0x00000080   Code   RO         7023    i.cmp_lfn           ff.o
    0x080034ec   0x080034ec   0x000000a0   Code   RO         7024    i.create_chain      ff.o
    0x0800358c   0x0800358c   0x00000234   Code   RO         7025    i.create_name       ff.o
    0x080037c0   0x080037c0   0x00000040   Code   RO         1030    i.datastore_flush   data_logger.o
    0x08003800   0x08003800   0x00000010   Code   RO         1031    i.datastore_init    data_logger.o
    0x08003810   0x08003810   0x000000f4   Code   RO         1032    i.datastore_write_overlimit  data_logger.o
    0x08003904   0x08003904   0x000001a4   Code   RO         1033    i.datastore_write_sample  data_logger.o
    0x08003aa8   0x08003aa8   0x000000bc   Code   RO         7026    i.dir_find          ff.o
    0x08003b64   0x08003b64   0x00000108   Code   RO         7027    i.dir_next          ff.o
    0x08003c6c   0x08003c6c   0x0000015a   Code   RO         7029    i.dir_register      ff.o
    0x08003dc6   0x08003dc6   0x0000008c   Code   RO         7031    i.dir_sdi           ff.o
    0x08003e52   0x08003e52   0x0000006c   Code   RO         6971    i.disk_initialize   diskio.o
    0x08003ebe   0x08003ebe   0x00000004   Code   RO         6972    i.disk_ioctl        diskio.o
    0x08003ec2   0x08003ec2   0x0000003e   Code   RO         6973    i.disk_read         diskio.o
    0x08003f00   0x08003f00   0x0000000c   Code   RO         6974    i.disk_status       diskio.o
    0x08003f0c   0x08003f0c   0x0000003e   Code   RO         6975    i.disk_write        diskio.o
    0x08003f4a   0x08003f4a   0x00000002   PAD
    0x08003f4c   0x08003f4c   0x00000038   Code   RO          175    i.dispatch_key_event  app_main.o
    0x08003f84   0x08003f84   0x00000012   Code   RO         2531    i.dma_channel_disable  gd32f4xx_dma.o
    0x08003f96   0x08003f96   0x00000012   Code   RO         2532    i.dma_channel_enable  gd32f4xx_dma.o
    0x08003fa8   0x08003fa8   0x00000016   Code   RO         2533    i.dma_channel_subperipheral_select  gd32f4xx_dma.o
    0x08003fbe   0x08003fbe   0x00000058   Code   RO         2536    i.dma_deinit        gd32f4xx_dma.o
    0x08004016   0x08004016   0x00000036   Code   RO         2538    i.dma_flag_clear    gd32f4xx_dma.o
    0x0800404c   0x0800404c   0x00000042   Code   RO         2539    i.dma_flag_get      gd32f4xx_dma.o
    0x0800408e   0x0800408e   0x00000020   Code   RO         2540    i.dma_flow_controller_config  gd32f4xx_dma.o
    0x080040ae   0x080040ae   0x00000002   PAD
    0x080040b0   0x080040b0   0x0000009c   Code   RO         2549    i.dma_multi_data_mode_init  gd32f4xx_dma.o
    0x0800414c   0x0800414c   0x000000ac   Code   RO         7307    i.dma_receive_config  sdcard.o
    0x080041f8   0x080041f8   0x000000ac   Code   RO         7308    i.dma_transfer_config  sdcard.o
    0x080042a4   0x080042a4   0x00000074   Code   RO         1313    i.encoder_format_csv_line  data_encoder.o
    0x08004318   0x08004318   0x00000074   Code   RO         1314    i.encoder_timestamp_to_hex  data_encoder.o
    0x0800438c   0x0800438c   0x00000090   Code   RO         1034    i.event_log_clear_flag_check  data_logger.o
    0x0800441c   0x0800441c   0x00000048   Code   RO         1035    i.event_log_clear_flag_set  data_logger.o
    0x08004464   0x08004464   0x00000044   Code   RO         1036    i.event_log_clear_now  data_logger.o
    0x080044a8   0x080044a8   0x00000124   Code   RO         1037    i.event_log_init    data_logger.o
    0x080045cc   0x080045cc   0x000000ac   Code   RO         1038    i.event_log_write   data_logger.o
    0x08004678   0x08004678   0x00000046   Code   RO         1194    i.evtq_get          event_queue.o
    0x080046be   0x080046be   0x00000012   Code   RO         1195    i.evtq_init         event_queue.o
    0x080046d0   0x080046d0   0x00000012   Code   RO         1196    i.evtq_is_empty     event_queue.o
    0x080046e2   0x080046e2   0x00000014   Code   RO         1197    i.evtq_is_full      event_queue.o
    0x080046f6   0x080046f6   0x00000046   Code   RO         1198    i.evtq_put          event_queue.o
    0x0800473c   0x0800473c   0x00000128   Code   RO          176    i.execute_one_sample  app_main.o
    0x08004864   0x08004864   0x0000001c   Code   RO         1246    i.exp_init          filter.o
    0x08004880   0x08004880   0x00000034   Code   RO         1247    i.exp_update        filter.o
    0x080048b4   0x080048b4   0x00000014   Code   RO         7033    i.f_close           ff.o
    0x080048c8   0x080048c8   0x000000e2   Code   RO         7034    i.f_getfree         ff.o
    0x080049aa   0x080049aa   0x00000044   Code   RO         7035    i.f_gets            ff.o
    0x080049ee   0x080049ee   0x00000194   Code   RO         7037    i.f_mkdir           ff.o
    0x08004b82   0x08004b82   0x00000002   PAD
    0x08004b84   0x08004b84   0x00000020   Code   RO         7038    i.f_mount           ff.o
    0x08004ba4   0x08004ba4   0x00000184   Code   RO         7039    i.f_open            ff.o
    0x08004d28   0x08004d28   0x00000184   Code   RO         7044    i.f_read            ff.o
    0x08004eac   0x08004eac   0x000000a4   Code   RO         7048    i.f_sync            ff.o
    0x08004f50   0x08004f50   0x000001ba   Code   RO         7052    i.f_write           ff.o
    0x0800510a   0x0800510a   0x00000008   Code   RO         1339    i.ff_convert        unicode_stub.o
    0x08005112   0x08005112   0x00000004   Code   RO         1340    i.ff_memalloc       unicode_stub.o
    0x08005116   0x08005116   0x00000004   Code   RO         1341    i.ff_memfree        unicode_stub.o
    0x0800511a   0x0800511a   0x0000000e   Code   RO         1342    i.ff_wtoupper       unicode_stub.o
    0x08005128   0x08005128   0x0000002c   Code   RO         1248    i.filter_init       filter.o
    0x08005154   0x08005154   0x00000048   Code   RO         1249    i.filter_process    filter.o
    0x0800519c   0x0800519c   0x0000006c   Code   RO         7053    i.fit_lfn           ff.o
    0x08005208   0x08005208   0x0000005c   Code   RO          638    i.flash_wait_ready  spi_flash_driver.o
    0x08005264   0x08005264   0x00000028   Code   RO          639    i.flash_write_enable  spi_flash_driver.o
    0x0800528c   0x0800528c   0x00000078   Code   RO         7054    i.follow_path       ff.o
    0x08005304   0x08005304   0x0000000e   Code   RO          766    i.fputc             uart_driver.o
    0x08005312   0x08005312   0x00000002   PAD
    0x08005314   0x08005314   0x00000050   Code   RO         7813    i.free              mc_w.l(malloc.o)
    0x08005364   0x08005364   0x0000008a   Code   RO         7055    i.gen_numname       ff.o
    0x080053ee   0x080053ee   0x000000ca   Code   RO         7056    i.get_fat           ff.o
    0x080054b8   0x080054b8   0x00000004   Code   RO         6976    i.get_fattime       diskio.o
    0x080054bc   0x080054bc   0x00000064   Code   RO         3950    i.gpio_af_set       gd32f4xx_gpio.o
    0x08005520   0x08005520   0x00000004   Code   RO         3951    i.gpio_bit_reset    gd32f4xx_gpio.o
    0x08005524   0x08005524   0x00000004   Code   RO         3952    i.gpio_bit_set      gd32f4xx_gpio.o
    0x08005528   0x08005528   0x00000004   Code   RO         3953    i.gpio_bit_toggle   gd32f4xx_gpio.o
    0x0800552c   0x0800552c   0x00000078   Code   RO         7309    i.gpio_config       sdcard.o
    0x080055a4   0x080055a4   0x0000000e   Code   RO         3956    i.gpio_input_bit_get  gd32f4xx_gpio.o
    0x080055b2   0x080055b2   0x00000048   Code   RO         3958    i.gpio_mode_set     gd32f4xx_gpio.o
    0x080055fa   0x080055fa   0x00000046   Code   RO         3960    i.gpio_output_options_set  gd32f4xx_gpio.o
    0x08005640   0x08005640   0x000000f8   Code   RO          177    i.handle_key_event  app_main.o
    0x08005738   0x08005738   0x00000084   Code   RO          178    i.hardware_bringup  app_main.o
    0x080057bc   0x080057bc   0x0000001c   Code   RO          458    i.i2c_delay         oled_driver.o
    0x080057d8   0x080057d8   0x00000088   Code   RO          459    i.i2c_send_byte     oled_driver.o
    0x08005860   0x08005860   0x00000048   Code   RO          460    i.i2c_start         oled_driver.o
    0x080058a8   0x080058a8   0x0000003c   Code   RO          461    i.i2c_stop          oled_driver.o
    0x080058e4   0x080058e4   0x0000002c   Code   RO          389    i.key_get_state     key_driver.o
    0x08005910   0x08005910   0x00000034   Code   RO          390    i.key_initialize_all  key_driver.o
    0x08005944   0x08005944   0x00000054   Code   RO          391    i.key_scan_any      key_driver.o
    0x08005998   0x08005998   0x00000030   Code   RO          708    i.led_blink_timer_setup  timer_driver.o
    0x080059c8   0x080059c8   0x0000004c   Code   RO          424    i.led_initialize_all  led_driver.o
    0x08005a14   0x08005a14   0x0000003c   Code   RO          425    i.led_set_state     led_driver.o
    0x08005a50   0x08005a50   0x00000006   Code   RO          426    i.led_toggle        led_driver.o
    0x08005a56   0x08005a56   0x0000000a   Code   RO            3    i.main              main.o
    0x08005a60   0x08005a60   0x00000074   Code   RO         1039    i.make_timestamped_fname  data_logger.o
    0x08005ad4   0x08005ad4   0x0000006c   Code   RO         7814    i.malloc            mc_w.l(malloc.o)
    0x08005b40   0x08005b40   0x0000001a   Code   RO         1250    i.median_init       filter.o
    0x08005b5a   0x08005b5a   0x0000008c   Code   RO         1251    i.median_update     filter.o
    0x08005be6   0x08005be6   0x0000001a   Code   RO         7058    i.mem_cmp           ff.o
    0x08005c00   0x08005c00   0x00000012   Code   RO         7059    i.mem_cpy           ff.o
    0x08005c12   0x08005c12   0x00000010   Code   RO         7060    i.mem_set           ff.o
    0x08005c22   0x08005c22   0x0000006e   Code   RO         7061    i.move_window       ff.o
    0x08005c90   0x08005c90   0x0000001c   Code   RO         1252    i.moving_avg_init   filter.o
    0x08005cac   0x08005cac   0x00000046   Code   RO         1253    i.moving_avg_update  filter.o
    0x08005cf2   0x08005cf2   0x00000002   PAD
    0x08005cf4   0x08005cf4   0x0000009c   Code   RO         4523    i.nvic_irq_enable   gd32f4xx_misc.o
    0x08005d90   0x08005d90   0x00000014   Code   RO         4524    i.nvic_priority_group_set  gd32f4xx_misc.o
    0x08005da4   0x08005da4   0x00000010   Code   RO          462    i.oled_clear_screen  oled_driver.o
    0x08005db4   0x08005db4   0x0000002a   Code   RO          463    i.oled_display_time_value  oled_driver.o
    0x08005dde   0x08005dde   0x00000002   PAD
    0x08005de0   0x08005de0   0x000000fc   Code   RO          464    i.oled_hw_init      oled_driver.o
    0x08005edc   0x08005edc   0x00000040   Code   RO          465    i.oled_refresh      oled_driver.o
    0x08005f1c   0x08005f1c   0x00000022   Code   RO          466    i.oled_send_cmd     oled_driver.o
    0x08005f3e   0x08005f3e   0x00000022   Code   RO          467    i.oled_send_data    oled_driver.o
    0x08005f60   0x08005f60   0x00000064   Code   RO          468    i.oled_show_text    oled_driver.o
    0x08005fc4   0x08005fc4   0x00000010   Code   RO         4580    i.pmu_backup_write_enable  gd32f4xx_pmu.o
    0x08005fd4   0x08005fd4   0x00000094   Code   RO          179    i.process_event_queue  app_main.o
    0x08006068   0x08006068   0x000000f6   Code   RO         7063    i.put_fat           ff.o
    0x0800615e   0x0800615e   0x00000002   PAD
    0x08006160   0x08006160   0x00000068   Code   RO         7310    i.r1_error_check    sdcard.o
    0x080061c8   0x080061c8   0x0000008c   Code   RO         7311    i.r1_error_type_check  sdcard.o
    0x08006254   0x08006254   0x00000044   Code   RO         7312    i.r2_error_check    sdcard.o
    0x08006298   0x08006298   0x00000034   Code   RO         7313    i.r3_error_check    sdcard.o
    0x080062cc   0x080062cc   0x00000080   Code   RO         7314    i.r6_error_check    sdcard.o
    0x0800634c   0x0800634c   0x00000044   Code   RO         7315    i.r7_error_check    sdcard.o
    0x08006390   0x08006390   0x000000e4   Code   RO         4728    i.rcu_clock_freq_get  gd32f4xx_rcu.o
    0x08006474   0x08006474   0x00000026   Code   RO         7316    i.rcu_config        sdcard.o
    0x0800649a   0x0800649a   0x00000002   PAD
    0x0800649c   0x0800649c   0x00000024   Code   RO         4731    i.rcu_flag_get      gd32f4xx_rcu.o
    0x080064c0   0x080064c0   0x00000020   Code   RO         4744    i.rcu_osci_on       gd32f4xx_rcu.o
    0x080064e0   0x080064e0   0x00000138   Code   RO         4745    i.rcu_osci_stab_wait  gd32f4xx_rcu.o
    0x08006618   0x08006618   0x00000020   Code   RO         4747    i.rcu_periph_clock_enable  gd32f4xx_rcu.o
    0x08006638   0x08006638   0x00000020   Code   RO         4750    i.rcu_periph_reset_disable  gd32f4xx_rcu.o
    0x08006658   0x08006658   0x00000020   Code   RO         4751    i.rcu_periph_reset_enable  gd32f4xx_rcu.o
    0x08006678   0x08006678   0x00000014   Code   RO         4756    i.rcu_rtc_clock_config  gd32f4xx_rcu.o
    0x0800668c   0x0800668c   0x00000080   Code   RO          180    i.refresh_display   app_main.o
    0x0800670c   0x0800670c   0x00000068   Code   RO         7064    i.remove_chain      ff.o
    0x08006774   0x08006774   0x00000012   Code   RO         1132    i.ringbuf_init      ring_buffer.o
    0x08006786   0x08006786   0x00000012   Code   RO         1133    i.ringbuf_is_empty  ring_buffer.o
    0x08006798   0x08006798   0x00000016   Code   RO         1134    i.ringbuf_is_full   ring_buffer.o
    0x080067ae   0x080067ae   0x00000038   Code   RO         1135    i.ringbuf_pop       ring_buffer.o
    0x080067e6   0x080067e6   0x00000034   Code   RO         1136    i.ringbuf_push      ring_buffer.o
    0x0800681a   0x0800681a   0x00000002   PAD
    0x0800681c   0x0800681c   0x00000068   Code   RO         1040    i.rotate_file       data_logger.o
    0x08006884   0x08006884   0x00000060   Code   RO         5028    i.rtc_current_time_get  gd32f4xx_rtc.o
    0x080068e4   0x080068e4   0x00000068   Code   RO          537    i.rtc_get_formatted  rtc_driver.o
    0x0800694c   0x0800694c   0x00000054   Code   RO          538    i.rtc_get_timestamp  rtc_driver.o
    0x080069a0   0x080069a0   0x00000040   Code   RO          539    i.rtc_hw_init       rtc_driver.o
    0x080069e0   0x080069e0   0x000000b4   Code   RO         5033    i.rtc_init          gd32f4xx_rtc.o
    0x08006a94   0x08006a94   0x0000003c   Code   RO         5034    i.rtc_init_mode_enter  gd32f4xx_rtc.o
    0x08006ad0   0x08006ad0   0x00000010   Code   RO         5035    i.rtc_init_mode_exit  gd32f4xx_rtc.o
    0x08006ae0   0x08006ae0   0x00000050   Code   RO         5040    i.rtc_register_sync_wait  gd32f4xx_rtc.o
    0x08006b30   0x08006b30   0x00000098   Code   RO          540    i.rtc_set_datetime  rtc_driver.o
    0x08006bc8   0x08006bc8   0x00000044   Code   RO          541    i.rtc_to_unix       rtc_driver.o
    0x08006c0c   0x08006c0c   0x00000030   Code   RO          709    i.sample_timer_adjust_period  timer_driver.o
    0x08006c3c   0x08006c3c   0x00000030   Code   RO          711    i.sample_timer_setup  timer_driver.o
    0x08006c6c   0x08006c6c   0x00000018   Code   RO          712    i.sample_timer_start  timer_driver.o
    0x08006c84   0x08006c84   0x00000018   Code   RO          713    i.sample_timer_stop  timer_driver.o
    0x08006c9c   0x08006c9c   0x000001e0   Code   RO         7317    i.sd_block_read     sdcard.o
    0x08006e7c   0x08006e7c   0x0000028c   Code   RO         7318    i.sd_block_write    sdcard.o
    0x08007108   0x08007108   0x00000088   Code   RO         7319    i.sd_bus_mode_config  sdcard.o
    0x08007190   0x08007190   0x000000cc   Code   RO         7320    i.sd_bus_width_config  sdcard.o
    0x0800725c   0x0800725c   0x00000058   Code   RO          593    i.sd_card_get_capacity  sd_card_driver.o
    0x080072b4   0x080072b4   0x000000a8   Code   RO          594    i.sd_card_hw_init   sd_card_driver.o
    0x0800735c   0x0800735c   0x00000200   Code   RO         7322    i.sd_card_information_get  sdcard.o
    0x0800755c   0x0800755c   0x000000f4   Code   RO         7323    i.sd_card_init      sdcard.o
    0x08007650   0x08007650   0x0000000c   Code   RO          595    i.sd_card_is_mounted  sd_card_driver.o
    0x0800765c   0x0800765c   0x00000020   Code   RO         7324    i.sd_card_select_deselect  sdcard.o
    0x0800767c   0x0800767c   0x000000a8   Code   RO         7325    i.sd_card_state_get  sdcard.o
    0x08007724   0x08007724   0x00000044   Code   RO         7326    i.sd_cardstatus_get  sdcard.o
    0x08007768   0x08007768   0x00000014   Code   RO         7327    i.sd_datablocksize_get  sdcard.o
    0x0800777c   0x0800777c   0x00000018   Code   RO          596    i.sd_get_filesystem  sd_card_driver.o
    0x08007794   0x08007794   0x0000003e   Code   RO         7329    i.sd_init           sdcard.o
    0x080077d2   0x080077d2   0x00000002   PAD
    0x080077d4   0x080077d4   0x0000024c   Code   RO         7332    i.sd_multiblocks_read  sdcard.o
    0x08007a20   0x08007a20   0x000002f0   Code   RO         7333    i.sd_multiblocks_write  sdcard.o
    0x08007d10   0x08007d10   0x00000118   Code   RO         7335    i.sd_power_on       sdcard.o
    0x08007e28   0x08007e28   0x00000154   Code   RO         7336    i.sd_scr_get        sdcard.o
    0x08007f7c   0x08007f7c   0x0000001c   Code   RO         7338    i.sd_transfer_mode_config  sdcard.o
    0x08007f98   0x08007f98   0x00000018   Code   RO         5281    i.sdio_bus_mode_set  gd32f4xx_sdio.o
    0x08007fb0   0x08007fb0   0x0000002c   Code   RO         5288    i.sdio_clock_config  gd32f4xx_sdio.o
    0x08007fdc   0x08007fdc   0x00000010   Code   RO         5290    i.sdio_clock_enable  gd32f4xx_sdio.o
    0x08007fec   0x08007fec   0x0000000c   Code   RO         5291    i.sdio_command_index_get  gd32f4xx_sdio.o
    0x08007ff8   0x08007ff8   0x00000028   Code   RO         5292    i.sdio_command_response_config  gd32f4xx_sdio.o
    0x08008020   0x08008020   0x00000010   Code   RO         5294    i.sdio_csm_enable   gd32f4xx_sdio.o
    0x08008030   0x08008030   0x00000030   Code   RO         5295    i.sdio_data_config  gd32f4xx_sdio.o
    0x08008060   0x08008060   0x0000000c   Code   RO         5297    i.sdio_data_read    gd32f4xx_sdio.o
    0x0800806c   0x0800806c   0x00000014   Code   RO         5298    i.sdio_data_transfer_config  gd32f4xx_sdio.o
    0x08008080   0x08008080   0x0000000c   Code   RO         5299    i.sdio_data_write   gd32f4xx_sdio.o
    0x0800808c   0x0800808c   0x00000016   Code   RO         5300    i.sdio_deinit       gd32f4xx_sdio.o
    0x080080a2   0x080080a2   0x00000002   PAD
    0x080080a4   0x080080a4   0x00000010   Code   RO         5301    i.sdio_dma_disable  gd32f4xx_sdio.o
    0x080080b4   0x080080b4   0x00000010   Code   RO         5302    i.sdio_dma_enable   gd32f4xx_sdio.o
    0x080080c4   0x080080c4   0x00000010   Code   RO         5303    i.sdio_dsm_disable  gd32f4xx_sdio.o
    0x080080d4   0x080080d4   0x00000010   Code   RO         5304    i.sdio_dsm_enable   gd32f4xx_sdio.o
    0x080080e4   0x080080e4   0x0000000c   Code   RO         5306    i.sdio_flag_clear   gd32f4xx_sdio.o
    0x080080f0   0x080080f0   0x00000014   Code   RO         5307    i.sdio_flag_get     gd32f4xx_sdio.o
    0x08008104   0x08008104   0x00000010   Code   RO         5308    i.sdio_hardware_clock_disable  gd32f4xx_sdio.o
    0x08008114   0x08008114   0x00000010   Code   RO         5311    i.sdio_interrupt_enable  gd32f4xx_sdio.o
    0x08008124   0x08008124   0x0000000c   Code   RO         5316    i.sdio_power_state_get  gd32f4xx_sdio.o
    0x08008130   0x08008130   0x0000000c   Code   RO         5317    i.sdio_power_state_set  gd32f4xx_sdio.o
    0x0800813c   0x0800813c   0x00000038   Code   RO         5321    i.sdio_response_get  gd32f4xx_sdio.o
    0x08008174   0x08008174   0x00000018   Code   RO         5326    i.sdio_wait_type_set  gd32f4xx_sdio.o
    0x0800818c   0x0800818c   0x00000264   Code   RO         1111    i.selftest_run_all  self_test.o
    0x080083f0   0x080083f0   0x0000004c   Code   RO          181    i.service_uart_rx   app_main.o
    0x0800843c   0x0800843c   0x00000100   Code   RO          182    i.show_banner       app_main.o
    0x0800853c   0x0800853c   0x0000000a   Code   RO         5587    i.spi_enable        gd32f4xx_spi.o
    0x08008546   0x08008546   0x00000002   PAD
    0x08008548   0x08008548   0x00000050   Code   RO          641    i.spi_flash_erase_sector  spi_flash_driver.o
    0x08008598   0x08008598   0x000000e0   Code   RO          642    i.spi_flash_hw_init  spi_flash_driver.o
    0x08008678   0x08008678   0x00000064   Code   RO          643    i.spi_flash_read    spi_flash_driver.o
    0x080086dc   0x080086dc   0x00000040   Code   RO          644    i.spi_flash_read_chip_id  spi_flash_driver.o
    0x0800871c   0x0800871c   0x00000098   Code   RO          645    i.spi_flash_write   spi_flash_driver.o
    0x080087b4   0x080087b4   0x00000006   Code   RO         5589    i.spi_i2s_data_receive  gd32f4xx_spi.o
    0x080087ba   0x080087ba   0x00000004   Code   RO         5590    i.spi_i2s_data_transmit  gd32f4xx_spi.o
    0x080087be   0x080087be   0x0000000e   Code   RO         5592    i.spi_i2s_flag_get  gd32f4xx_spi.o
    0x080087cc   0x080087cc   0x0000002e   Code   RO         5597    i.spi_init          gd32f4xx_spi.o
    0x080087fa   0x080087fa   0x00000012   Code   RO         5608    i.spi_struct_para_init  gd32f4xx_spi.o
    0x0800880c   0x0800880c   0x00000060   Code   RO          646    i.spi_xfer_byte     spi_flash_driver.o
    0x0800886c   0x0800886c   0x00000014   Code   RO          647    i.spi_xfer_byte_blocking  spi_flash_driver.o
    0x08008880   0x08008880   0x00000034   Code   RO          848    i.str_prefix_nocase  command.o
    0x080088b4   0x080088b4   0x0000001a   Code   RO         7065    i.sum_sfn           ff.o
    0x080088ce   0x080088ce   0x0000000a   Code   RO         1254    i.swap              filter.o
    0x080088d8   0x080088d8   0x000000bc   Code   RO         7066    i.sync              ff.o
    0x08008994   0x08008994   0x000000b0   Code   RO         1451    i.system_clock_240m_25m_hxtal  system_gd32f4xx.o
    0x08008a44   0x08008a44   0x00000004   Code   RO         1452    i.system_clock_config  system_gd32f4xx.o
    0x08008a48   0x08008a48   0x00000004   Code   RO         5891    i.timer_autoreload_value_config  gd32f4xx_timer.o
    0x08008a4c   0x08008a4c   0x00000188   Code   RO         5919    i.timer_deinit      gd32f4xx_timer.o
    0x08008bd4   0x08008bd4   0x0000000a   Code   RO         5920    i.timer_disable     gd32f4xx_timer.o
    0x08008bde   0x08008bde   0x0000000a   Code   RO         5924    i.timer_enable      gd32f4xx_timer.o
    0x08008be8   0x08008be8   0x00000094   Code   RO         5934    i.timer_init        gd32f4xx_timer.o
    0x08008c7c   0x08008c7c   0x00000008   Code   RO         5941    i.timer_interrupt_enable  gd32f4xx_timer.o
    0x08008c84   0x08008c84   0x00000006   Code   RO         5942    i.timer_interrupt_flag_clear  gd32f4xx_timer.o
    0x08008c8a   0x08008c8a   0x00000014   Code   RO         5943    i.timer_interrupt_flag_get  gd32f4xx_timer.o
    0x08008c9e   0x08008c9e   0x00000052   Code   RO          714    i.timer_setup_base  timer_driver.o
    0x08008cf0   0x08008cf0   0x00000014   Code   RO         5954    i.timer_struct_para_init  gd32f4xx_timer.o
    0x08008d04   0x08008d04   0x00000008   Code   RO          767    i.uart_get_rx_buffer  uart_driver.o
    0x08008d0c   0x08008d0c   0x000000d8   Code   RO          768    i.uart_module_init  uart_driver.o
    0x08008de4   0x08008de4   0x00000030   Code   RO          770    i.uart_send_byte    uart_driver.o
    0x08008e14   0x08008e14   0x000000b8   Code   RO         6572    i.usart_baudrate_set  gd32f4xx_usart.o
    0x08008ecc   0x08008ecc   0x00000008   Code   RO         6576    i.usart_data_receive  gd32f4xx_usart.o
    0x08008ed4   0x08008ed4   0x00000008   Code   RO         6577    i.usart_data_transmit  gd32f4xx_usart.o
    0x08008edc   0x08008edc   0x000000e0   Code   RO         6578    i.usart_deinit      gd32f4xx_usart.o
    0x08008fbc   0x08008fbc   0x0000000a   Code   RO         6582    i.usart_enable      gd32f4xx_usart.o
    0x08008fc6   0x08008fc6   0x0000001a   Code   RO         6584    i.usart_flag_get    gd32f4xx_usart.o
    0x08008fe0   0x08008fe0   0x00000014   Code   RO         6589    i.usart_hardware_flow_cts_config  gd32f4xx_usart.o
    0x08008ff4   0x08008ff4   0x00000014   Code   RO         6590    i.usart_hardware_flow_rts_config  gd32f4xx_usart.o
    0x08009008   0x08009008   0x00000014   Code   RO         6592    i.usart_interrupt_enable  gd32f4xx_usart.o
    0x0800901c   0x0800901c   0x00000032   Code   RO         6594    i.usart_interrupt_flag_get  gd32f4xx_usart.o
    0x0800904e   0x0800904e   0x00000010   Code   RO         6607    i.usart_parity_config  gd32f4xx_usart.o
    0x0800905e   0x0800905e   0x0000000c   Code   RO         6609    i.usart_receive_config  gd32f4xx_usart.o
    0x0800906a   0x0800906a   0x00000010   Code   RO         6620    i.usart_stop_bit_set  gd32f4xx_usart.o
    0x0800907a   0x0800907a   0x0000000c   Code   RO         6624    i.usart_transmit_config  gd32f4xx_usart.o
    0x08009086   0x08009086   0x00000010   Code   RO         6625    i.usart_word_length_set  gd32f4xx_usart.o
    0x08009096   0x08009096   0x00000026   Code   RO         7067    i.validate          ff.o
    0x080090bc   0x080090bc   0x00000078   Code   RO          183    i.write_and_verify_team_id  app_main.o
    0x08009134   0x08009134   0x00000048   Data   RO          392    .constdata          key_driver.o
    0x0800917c   0x0800917c   0x00000030   Data   RO          427    .constdata          led_driver.o
    0x080091ac   0x080091ac   0x00000162   Data   RO          470    .constdata          oled_driver.o
    0x0800930e   0x0800930e   0x00000002   PAD
    0x08009310   0x08009310   0x000000f0   Data   RO          849    .constdata          command.o
    0x08009400   0x08009400   0x0000000d   Data   RO         7068    .constdata          ff.o
    0x0800940d   0x0800940d   0x0000000c   Data   RO         7532    .constdata          mc_w.l(mktime.o)
    0x08009419   0x08009419   0x0000000c   Data   RO         7878    .constdata          mc_w.l(localtime_i.o)
    0x08009425   0x08009425   0x00000040   Data   RO         7931    .constdata          mc_w.l(ctype_c.o)
    0x08009465   0x08009465   0x00000003   PAD
    0x08009468   0x08009468   0x00000215   Data   RO          851    .conststring        command.o
    0x0800967d   0x0800967d   0x00000003   PAD
    0x08009680   0x08009680   0x00000020   Data   RO         7933    Region$$Table       anon$$obj.o


    Execution Region RW_IRAM1 (Exec base: 0x20000000, Load base: 0x080096a0, Size: 0x000020c8, Max: 0x00030000, ABSOLUTE)

    Exec Addr    Load Addr    Size         Type   Attr      Idx    E Section Name        Object

    0x20000000   0x080096a0   0x0000000c   Data   RW          185    .data               app_main.o
    0x2000000c   0x080096ac   0x00000001   Data   RW          393    .data               key_driver.o
    0x2000000d   0x080096ad   0x00000001   Data   RW          542    .data               rtc_driver.o
    0x2000000e   0x080096ae   0x00000001   Data   RW          598    .data               sd_card_driver.o
    0x2000000f   0x080096af   0x00000001   Data   RW          715    .data               timer_driver.o
    0x20000010   0x080096b0   0x00000001   Data   RW          852    .data               command.o
    0x20000011   0x080096b1   0x00000001   PAD
    0x20000012   0x080096b2   0x0000000a   Data   RW         1042    .data               data_logger.o
    0x2000001c   0x080096bc   0x00000004   Data   RW         1453    .data               system_gd32f4xx.o
    0x20000020   0x080096c0   0x00000008   Data   RW         7069    .data               ff.o
    0x20000028   0x080096c8   0x00000020   Data   RW         7342    .data               sdcard.o
    0x20000048   0x080096e8   0x00000004   Data   RW         7545    .data               mc_w.l(strtok.o)
    0x2000004c   0x080096ec   0x00000004   Data   RW         7869    .data               mc_w.l(stdout.o)
    0x20000050   0x080096f0   0x00000004   Data   RW         7884    .data               mc_w.l(mvars.o)
    0x20000054   0x080096f4   0x00000004   Data   RW         7885    .data               mc_w.l(mvars.o)
    0x20000058   0x080096f8   0x00000004   Data   RW         7889    .data               mc_w.l(errno.o)
    0x2000005c        -       0x00000278   Zero   RW          184    .bss                app_main.o
    0x200002d4        -       0x00000200   Zero   RW          469    .bss                oled_driver.o
    0x200004d4        -       0x00000230   Zero   RW          597    .bss                sd_card_driver.o
    0x20000704        -       0x00000106   Zero   RW          772    .bss                uart_driver.o
    0x2000080a   0x080096fc   0x00000002   PAD
    0x2000080c        -       0x0000000c   Zero   RW          984    .bss                config_manager.o
    0x20000818        -       0x00000890   Zero   RW         1041    .bss                data_logger.o
    0x200010a8        -       0x00000020   Zero   RW         7341    .bss                sdcard.o
    0x200010c8        -       0x00000800   Zero   RW         1376    HEAP                startup_gd32f450_470.o
    0x200018c8        -       0x00000800   Zero   RW         1375    STACK               startup_gd32f450_470.o


==============================================================================

Image component sizes


      Code (inc. data)   RO Data    RW Data    ZI Data      Debug   Object Name

       248         28          0          0          0       2597   adc_driver.o
      2156        764          0         12        632      48590   app_main.o
      2264       1094        773          1          0      16291   command.o
      1092        374          0          0         12       5418   config_manager.o
       232         60          0          0          0       2101   data_encoder.o
      1712        482          0         10       2192       9489   data_logger.o
       252          0          0          0          0       4928   diskio.o
       196          0          0          0          0       3893   event_queue.o
      6170         50         13          8          0      36835   ff.o
       470         10          0          0          0       6147   filter.o
       520         12          0          0          0      10067   gd32f4xx_adc.o
       454          6          0          0          0       6479   gd32f4xx_dma.o
       268          0          0          0          0       5315   gd32f4xx_gpio.o
        16          0          0          0          0       3924   gd32f4xx_it.o
       176         16          0          0          0       1592   gd32f4xx_misc.o
        16          4          0          0          0        594   gd32f4xx_pmu.o
       724         70          0          0          0       7401   gd32f4xx_rcu.o
       432         24          0          0          0       4714   gd32f4xx_rtc.o
       498        112          0          0          0      15015   gd32f4xx_sdio.o
        98          0          0          0          0       4705   gd32f4xx_spi.o
       618         40          0          0          0       7229   gd32f4xx_timer.o
       642         18          0          0          0      10995   gd32f4xx_usart.o
       180         12         72          1          0       3092   key_driver.o
       142          8         48          0          0       2654   led_driver.o
        10          0          0          0          0      90404   main.o
       838         44        354          0        512       8037   oled_driver.o
       166          0          0          0          0       3485   ring_buffer.o
       512         46          0          1          0       5251   rtc_driver.o
       292         70          0          1        560       7455   sd_card_driver.o
      5676        222          0         32         32      33361   sdcard.o
       612        402          0          0          0        787   self_test.o
       868         52          0          0          0       7333   spi_flash_driver.o
        36          8        428          0       4096        912   startup_gd32f450_470.o
       328         32          0          4          0       2963   system_gd32f4xx.o
       274         30          0          1          0       3975   timer_driver.o
       334         38          0          0        262       4289   uart_driver.o
        30          0          0          0          0       2262   unicode_stub.o

    ----------------------------------------------------------------------
     29580       4128       1725         72       8300     390579   Object Totals
         0          0         32          0          0          0   (incl. Generated)
        28          0          5          1          2          0   (incl. Padding)

    ----------------------------------------------------------------------

      Code (inc. data)   RO Data    RW Data    ZI Data      Debug   Library Member Name

        56         12          0          0          0        132   atof.o
        56          8          0          0          0         84   __0sscanf.o
        28          0          0          0          0         68   _chval.o
       816          6          0          0          0        112   _scanf.o
       332          0          0          0          0         96   _scanf_int.o
        64          0          0          0          0         84   _sgetc.o
        40          6         64          0          0         68   ctype_c.o
         0          0          0          0          0          0   entry.o
         0          0          0          0          0          0   entry10a.o
         0          0          0          0          0          0   entry11a.o
         4          0          0          0          0          0   entry12b.o
         8          4          0          0          0          0   entry2.o
         4          0          0          0          0          0   entry5.o
         0          0          0          0          0          0   entry7b.o
         0          0          0          0          0          0   entry8b.o
         8          4          0          0          0          0   entry9a.o
        24         12          0          4          0        136   errno.o
        30          0          0          0          0          0   handlers.o
        36          8          0          0          0         68   init.o
        10          0          0          0          0         68   isspace_c.o
         0          0          0          0          0          0   iusefp.o
        30          0          0          0          0         68   llshl.o
        36          0          0          0          0         68   llsshr.o
        32          0          0          0          0         68   llushr.o
       140          6         12          0          0         76   localtime_i.o
       188         20          0          0          0        160   malloc.o
        36          0          0          0          0        108   memseta.o
       168         18         12          0          0         80   mktime.o
         0          0          0          8          0          0   mvars.o
      2292         94          0          0          0        620   printfa.o
        40          8          0          0          0         84   scanf_char.o
       878         12          0          0          0        216   scanf_fp.o
         0          0          0          4          0          0   stdout.o
        20          0          0          0          0         68   strchr.o
        28          0          0          0          0         76   strcmp.o
        34          0          0          0          0         80   strcspn.o
        14          0          0          0          0         68   strlen.o
        24          0          0          0          0         76   strncpy.o
       156         12          0          0          0        120   strtod.o
        68          6          0          4          0         80   strtok.o
        12          0          0          0          0         68   tolower.o
        44          0          0          0          0         80   uidiv.o
        98          0          0          0          0         92   uldiv.o
        48          0          0          0          0         68   cdrcmple.o
        56          0          0          0          0         88   d2f.o
       334          0          0          0          0        148   dadd.o
       222          0          0          0          0        100   ddiv.o
       186          0          0          0          0        176   depilogue.o
        48          0          0          0          0         68   dfixul.o
        24          0          0          0          0         76   dfltul.o
       228          0          0          0          0         96   dmul.o
        38          0          0          0          0         68   f2d.o
       110          0          0          0          0        168   fepilogue.o

    ----------------------------------------------------------------------
      7164        240         91         20          0       4328   Library Totals
        16          4          3          0          0          0   (incl. Padding)

    ----------------------------------------------------------------------

      Code (inc. data)   RO Data    RW Data    ZI Data      Debug   Library Name

        56         12          0          0          0        132   m_wm.l
      5798        224         88         20          0       3140   mc_w.l
      1294          0          0          0          0       1056   mf_w.l

    ----------------------------------------------------------------------
      7164        240         91         20          0       4328   Library Totals

    ----------------------------------------------------------------------

==============================================================================


      Code (inc. data)   RO Data    RW Data    ZI Data      Debug   

     36744       4368       1816         92       8300     362623   Grand Totals
     36744       4368       1816         92       8300     362623   ELF Image Totals
     36744       4368       1816         92          0          0   ROM Totals

==============================================================================

    Total RO  Size (Code + RO Data)                38560 (  37.66kB)
    Total RW  Size (RW Data + ZI Data)              8392 (   8.20kB)
    Total ROM Size (Code + RO Data + RW Data)      38652 (  37.75kB)

==============================================================================

